============================================
HiSplat + per-stage MSH training
Repo: /ceph_data/clue9986/HiSplatMSH
Phase: warmup
Lambda RD: 0.0
Pretrained ckpt: /ceph_data/clue9986/HiSplatMSH/outputs/msh_proj_bypass_5k/checkpoints/epoch_0-step_5000.ckpt
Max steps: 5000
Batch size/GPU: 2
Checkpoint interval/top-k: 5000 / 1
SH degree: 4
Codec stage N: [192,192,192]
Codec stage M: [320,320,320]
Codec stage depth: [2,4,4]
Codec train mode: quantize
Codec input: proj
LR codec/aux/generator: 1e-4 / 0 / 2.0e-5
Codec LR warmup: 200 steps from factor 0.1
Codec recon weight: 1.0
Codec warmup bypass: true
Output: msh_proj_quantize_bypass_5k
Extra Hydra args: <none>
============================================
