============================================
HiSplat + per-stage MSH training
Repo: /ceph_data/clue9986/HiSplatMSH
Phase: warmup
Lambda RD: 0.0
Pretrained ckpt: checkpoints/hisplat_re10k.ckpt
Max steps: 15000
Batch size/GPU: 2
Checkpoint interval/top-k: 5000 / -1
SH degree: 4
Codec stage N: [192,192,192]
Codec stage M: [320,320,320]
Codec stage depth: [2,4,4]
Codec train mode: full
Codec input: proj
LR codec/aux/generator: 1.0e-4 / 1.0e-5 / 2.0e-5
Codec LR warmup: 200 steps from factor 0.1
Codec recon weight: 0.0
Codec warmup bypass: false
Output: licsweep_probe_l0.0_M320_d244
Extra Hydra args: <none>
============================================
[36mSaving outputs to /ceph_data/clue9986/HiSplatMSH/outputs/licsweep_probe_l0.0_M320_d244.[39m
GPU number is 1
missing keys:[]
unexpected keys:[]
error msgs:[]
!!!Successfully load the DINOV2 ckpt from ./checkpoints/dinov2_vitb14_pretrain.pth
==> Load multi-view transformer backbone checkpoint: checkpoints/gmdepth-scale1-resumeflowthings-scannet-5d9d7964.pth
[36mInitialized new codec params: 357 missing checkpoint keys.[39m
Setting up [LPIPS] perceptual loss: trunk [vgg], v[0.1], spatial [off]
Loading model from: /ceph_data/clue9986/anaconda3/envs/hisplat/lib/python3.10/site-packages/lpips/weights/v0.1/vgg.pth
begin to train fit!
start training without trainer-state resume!!!
