/ceph_data/clue9986/anaconda3/envs/hisplat/lib/python3.10/site-packages/lightning_fabric/__init__.py:41: pkg_resources is deprecated as an API. See https://setuptools.pypa.io/en/latest/pkg_resources.html. The pkg_resources package is slated for removal as early as 2025-11-30. Refrain from using this package or pin to Setuptools<81.
xFormers not available
FLASH ATTENTION2 not available
xFormers not available
GPU available: True (cuda), used: True
TPU available: False, using: 0 TPU cores
HPU available: False, using: 0 HPUs
Initializing distributed: GLOBAL_RANK: 0, MEMBER: 1/1
----------------------------------------------------------------------------------------------------
distributed_backend=nccl
All distributed processes registered. Starting with 1 processes
----------------------------------------------------------------------------------------------------

wandb: WARNING `resume` will be ignored since W&B syncing is set to `offline`. Starting a new run with run id ayjw5afx.
wandb: Tracking run with wandb version 0.17.1
wandb: W&B syncing is set to `offline` in this directory.  
wandb: Run `wandb online` or set WANDB_MODE=online to enable cloud syncing.
LOCAL_RANK: 0 - CUDA_VISIBLE_DEVICES: [0]

  | Name      | Type                     | Params | Mode 
---------------------------------------------------------------
0 | encoder   | EncoderCostVolumePyramid | 204 M  | train
1 | decoder   | DecoderSplattingCUDA     | 0      | train
2 | losses    | ModuleList               | 0      | train
3 | rate_loss | RateLoss                 | 0      | train
---------------------------------------------------------------
118 M     Trainable params
86.6 M    Non-trainable params
204 M     Total params
819.776   Total estimated model params size (MB)
`Trainer.fit` stopped: `max_steps=1500` reached.
wandb: 
wandb: Run history:
wandb:                           epoch ▁▁▁▁▁▁▁▁▁▁▁▁▁▁▁▁▁▁▁▁▁▁▁▁▁▁▁▁▁▁▁
wandb:                        info/far ▁▁▁▁▁▁▁▁▁▁▁▁▁▁▁▁▁▁▁▁▁▁▁▁▁▁▁▁▁▁
wandb:                info/global_step ▁▁▁▂▂▂▂▃▃▃▃▄▄▄▄▅▅▅▅▆▆▆▆▇▇▇▇███
wandb:                       info/near ▁▁▁▁▁▁▁▁▁▁▁▁▁▁▁▁▁▁▁▁▁▁▁▁▁▁▁▁▁▁
wandb:         loss/codec_recon_stage0 ██████████████▇▇▇▇▆▅▅▄▄▂▂▂▂▁▂▂
wandb:         loss/codec_recon_stage1 ██████████████▇▇▇▇▆▆▅▅▅▃▄▂▂▂▂▁
wandb:         loss/codec_recon_stage2 ██████████████▇▇▆▆▅▄▄▄▄▃▄▂▃▂▂▁
wandb:          loss/codec_recon_total ██████████████▇▇▆▆▅▅▄▄▄▃▃▂▂▂▂▁
wandb:                    loss/lpips_0 ▆▄▄▃▂▃▄▅▅▆▄▃█▃▅▄▆▄▄▅▄▅▃▃▃▃▅▅▁▃
wandb:                    loss/lpips_1 ▅▅▃▃▁▂▃▄▆▄▃▄█▃▆▅▆▃▃▆▄▆▃▃▄▄▆▅▃▅
wandb:                    loss/lpips_2 ▇█▅▅▅▅▆▆█▅▅▆█▅▇▅▅▂▂▄▃▄▂▁▂▁▃▂▁▃
wandb:                      loss/mse_0 ▆▆█▆▃█▆▇▄▅▅▃▇▂▃▂▆▂▃▂▃▄▁▂▃▁▂▃▁▃
wandb:                      loss/mse_1 ▅▇▅▅▃▅▅▆▄▅▄▃█▂▃▂▅▁▂▂▂▃▁▂▂▁▂▂▁▃
wandb:                      loss/mse_2 ▆▇▇▆▄▇▆▇▅▆▅▄█▂▃▂▄▁▂▂▂▃▁▁▂▁▂▂▁▃
wandb:                      loss/total ███████████▇█▇▇▆▆▆▅▄▄▄▄▂▃▂▂▁▁▁
wandb:                         lr-Adam ▁▁▁▂▂▂▂▃▃▃▃▄▄▄▄▅▅▅▅▆▆▆▆▇▇▇▇███
wandb:                lr-Adam-momentum ▁▁▁▁▁▁▁▁▁▁▁▁▁▁▁▁▁▁▁▁▁▁▁▁▁▁▁▁▁▁
wandb: train/psnr_probabilistic_stage0 ▂▂▁▂▄▁▃▁▄▃▃▅▁▆▅▆▂▇▄▆▅▃▆▅▅▇▅▅█▄
wandb: train/psnr_probabilistic_stage1 ▂▂▂▃▄▂▃▂▃▂▃▄▁▆▅▆▃█▅▆▅▄▇▆▅▇▅▅▇▄
wandb: train/psnr_probabilistic_stage2 ▂▂▂▂▄▂▂▂▃▂▃▄▁▅▄▆▃█▅▆▅▄█▆▅▇▅▆▇▄
wandb:             trainer/global_step ▁▁▁▁▂▂▂▂▃▃▃▃▃▄▄▄▄▅▅▅▅▅▆▆▆▆▆▆▆▆▆▆▇▇▇▇▇███
wandb:                   val/lpips_val ▁
wandb:                 val/lpips_val_0 ▁
wandb:                 val/lpips_val_1 ▁
wandb:                 val/lpips_val_2 ▁
wandb:                    val/psnr_val ▁
wandb:                  val/psnr_val_0 ▁
wandb:                  val/psnr_val_1 ▁
wandb:                  val/psnr_val_2 ▁
wandb:                    val/ssim_val ▁
wandb:                  val/ssim_val_0 ▁
wandb:                  val/ssim_val_1 ▁
wandb:                  val/ssim_val_2 ▁
wandb: 
wandb: Run summary:
wandb:                           epoch 0
wandb:                        info/far 100.0
wandb:                info/global_step 1499.0
wandb:                       info/near 1.0
wandb:         loss/codec_recon_stage0 0.79713
wandb:         loss/codec_recon_stage1 0.87593
wandb:         loss/codec_recon_stage2 0.67743
wandb:          loss/codec_recon_total 2.35048
wandb:                    loss/lpips_0 0.02588
wandb:                    loss/lpips_1 0.02329
wandb:                    loss/lpips_2 0.02237
wandb:                      loss/mse_0 0.01643
wandb:                      loss/mse_1 0.01582
wandb:                      loss/mse_2 0.01605
wandb:                      loss/total 2.47032
wandb:                         lr-Adam 0.0
wandb:                lr-Adam-momentum 0.9
wandb: train/psnr_probabilistic_stage0 17.88236
wandb: train/psnr_probabilistic_stage1 18.03168
wandb: train/psnr_probabilistic_stage2 17.97802
wandb:             trainer/global_step 1499
wandb:                   val/lpips_val 0.50599
wandb:                 val/lpips_val_0 0.56527
wandb:                 val/lpips_val_1 0.50132
wandb:                 val/lpips_val_2 0.50599
wandb:                    val/psnr_val 18.18711
wandb:                  val/psnr_val_0 17.35677
wandb:                  val/psnr_val_1 18.17944
wandb:                  val/psnr_val_2 18.18711
wandb:                    val/ssim_val 0.54863
wandb:                  val/ssim_val_0 0.52226
wandb:                  val/ssim_val_1 0.5518
wandb:                  val/ssim_val_2 0.54863
wandb: 
wandb: You can sync this run to the cloud by running:
wandb: wandb sync /ceph_data/clue9986/HiSplatMSH/outputs/msh_transform_recon/wandb/offline-run-20260514_204534-ayjw5afx
wandb: Find logs at: ./outputs/msh_transform_recon/wandb/offline-run-20260514_204534-ayjw5afx/logs
