============================================
HiSplat + per-stage MSH training
Repo: /ceph_data/clue9986/HiSplatMSH
Phase: warmup
Lambda RD: 0.0
Pretrained ckpt: checkpoints/hisplat_re10k.ckpt
Max steps: 3000
Batch size/GPU: 2
Checkpoint interval/top-k: 1000 / 1
SH degree: 4
Codec stage N: [96,192,192]
Codec stage M: [128,320,320]
Codec stage depth: [3,4,4]
Codec train mode: quantize
LR codec/aux/generator: 1.0e-5 / 1.0e-5 / 2.0e-5
Codec LR warmup: 500 steps from factor 0.1
Output: msh_quantize_stable
Extra Hydra args: <none>
============================================
[36mSaving outputs to /ceph_data/clue9986/HiSplatMSH/outputs/msh_quantize_stable.[39m
GPU number is 1
missing keys:[]
unexpected keys:[]
error msgs:[]
!!!Successfully load the DINOV2 ckpt from ./checkpoints/dinov2_vitb14_pretrain.pth
==> Load multi-view transformer backbone checkpoint: checkpoints/gmdepth-scale1-resumeflowthings-scannet-5d9d7964.pth
[36mInitialized new codec params: 378 missing checkpoint keys.[39m
Setting up [LPIPS] perceptual loss: trunk [vgg], v[0.1], spatial [off]
Loading model from: /ceph_data/clue9986/anaconda3/envs/hisplat/lib/python3.10/site-packages/lpips/weights/v0.1/vgg.pth
begin to train fit!
start training without trainer-state resume!!!
train step[0/3000] ; used: 0s; eta: 0s; loss = 0.125301; ['mse_0=0.016894; ', 'lpips_0=0.027498; ', 'mse_1=0.015495; ', 'lpips_1=0.025588; ', 'mse_2=0.012080; ', 'lpips_2=0.027744; ']
train step[1/3000] ; used: 2s; eta: 1h:1m:49s; loss = 0.127533; ['mse_0=0.019720; ', 'lpips_0=0.026690; ', 'mse_1=0.016424; ', 'lpips_1=0.024635; ', 'mse_2=0.013496; ', 'lpips_2=0.026568; ']
train step[2/3000] ; used: 3s; eta: 58m:35s; loss = 0.137724; ['mse_0=0.019863; ', 'lpips_0=0.028435; ', 'mse_1=0.019291; ', 'lpips_1=0.025586; ', 'mse_2=0.018155; ', 'lpips_2=0.026393; ']
train step[3/3000] ; used: 4s; eta: 56m:5s; loss = 0.176243; ['mse_0=0.035362; ', 'lpips_0=0.028653; ', 'mse_1=0.030590; ', 'lpips_1=0.025833; ', 'mse_2=0.028258; ', 'lpips_2=0.027546; ']
train step[4/3000] ; used: 5s; eta: 54m:38s; loss = 0.135212; ['mse_0=0.020611; ', 'lpips_0=0.028341; ', 'mse_1=0.017492; ', 'lpips_1=0.025901; ', 'mse_2=0.016106; ', 'lpips_2=0.026761; ']
train step[5/3000] ; used: 6s; eta: 53m:34s; loss = 0.155421; ['mse_0=0.030128; ', 'lpips_0=0.029248; ', 'mse_1=0.021195; ', 'lpips_1=0.026723; ', 'mse_2=0.019674; ', 'lpips_2=0.028453; ']
train step[6/3000] ; used: 7s; eta: 52m:52s; loss = 0.163568; ['mse_0=0.027329; ', 'lpips_0=0.030637; ', 'mse_1=0.024847; ', 'lpips_1=0.029825; ', 'mse_2=0.021803; ', 'lpips_2=0.029128; ']
train step[7/3000] ; used: 8s; eta: 52m:31s; loss = 0.124106; ['mse_0=0.018522; ', 'lpips_0=0.027281; ', 'mse_1=0.013879; ', 'lpips_1=0.025018; ', 'mse_2=0.012699; ', 'lpips_2=0.026707; ']
train step[8/3000] ; used: 9s; eta: 52m:18s; loss = 0.125290; ['mse_0=0.017817; ', 'lpips_0=0.026998; ', 'mse_1=0.015472; ', 'lpips_1=0.024002; ', 'mse_2=0.014825; ', 'lpips_2=0.026176; ']
train step[9/3000] ; used: 10s; eta: 51m:54s; loss = 0.151229; ['mse_0=0.027026; ', 'lpips_0=0.029008; ', 'mse_1=0.021316; ', 'lpips_1=0.027034; ', 'mse_2=0.019500; ', 'lpips_2=0.027344; ']
train step[10/3000] ; used: 11s; eta: 51m:39s; loss = 0.117694; ['mse_0=0.014793; ', 'lpips_0=0.027577; ', 'mse_1=0.012785; ', 'lpips_1=0.025735; ', 'mse_2=0.010295; ', 'lpips_2=0.026508; ']
train step[11/3000] ; used: 12s; eta: 51m:22s; loss = 0.150223; ['mse_0=0.027888; ', 'lpips_0=0.030019; ', 'mse_1=0.021737; ', 'lpips_1=0.026549; ', 'mse_2=0.017711; ', 'lpips_2=0.026319; ']
train step[12/3000] ; used: 13s; eta: 51m:16s; loss = 0.141390; ['mse_0=0.024785; ', 'lpips_0=0.029300; ', 'mse_1=0.016946; ', 'lpips_1=0.026098; ', 'mse_2=0.016210; ', 'lpips_2=0.028051; ']
train step[13/3000] ; used: 14s; eta: 51m:7s; loss = 0.149309; ['mse_0=0.026960; ', 'lpips_0=0.027735; ', 'mse_1=0.021482; ', 'lpips_1=0.026186; ', 'mse_2=0.019031; ', 'lpips_2=0.027915; ']
train step[14/3000] ; used: 15s; eta: 50m:59s; loss = 0.132750; ['mse_0=0.019366; ', 'lpips_0=0.029051; ', 'mse_1=0.015200; ', 'lpips_1=0.026509; ', 'mse_2=0.014830; ', 'lpips_2=0.027794; ']
train step[15/3000] ; used: 16s; eta: 50m:48s; loss = 0.137566; ['mse_0=0.022826; ', 'lpips_0=0.028284; ', 'mse_1=0.017495; ', 'lpips_1=0.025573; ', 'mse_2=0.016305; ', 'lpips_2=0.027082; ']
train step[16/3000] ; used: 17s; eta: 50m:39s; loss = 0.152613; ['mse_0=0.026900; ', 'lpips_0=0.029114; ', 'mse_1=0.022104; ', 'lpips_1=0.027469; ', 'mse_2=0.018649; ', 'lpips_2=0.028377; ']
train step[17/3000] ; used: 18s; eta: 50m:32s; loss = 0.124832; ['mse_0=0.016790; ', 'lpips_0=0.026975; ', 'mse_1=0.015690; ', 'lpips_1=0.025216; ', 'mse_2=0.013217; ', 'lpips_2=0.026943; ']
train step[18/3000] ; used: 19s; eta: 50m:25s; loss = 0.151419; ['mse_0=0.026247; ', 'lpips_0=0.028846; ', 'mse_1=0.022302; ', 'lpips_1=0.026863; ', 'mse_2=0.019114; ', 'lpips_2=0.028046; ']
train step[19/3000] ; used: 20s; eta: 50m:23s; loss = 0.146088; ['mse_0=0.025439; ', 'lpips_0=0.028030; ', 'mse_1=0.020217; ', 'lpips_1=0.026614; ', 'mse_2=0.017976; ', 'lpips_2=0.027811; ']
train step[20/3000] ; used: 21s; eta: 50m:18s; loss = 0.116052; ['mse_0=0.013615; ', 'lpips_0=0.027788; ', 'mse_1=0.011056; ', 'lpips_1=0.025821; ', 'mse_2=0.009784; ', 'lpips_2=0.027989; ']
train step[21/3000] ; used: 22s; eta: 50m:12s; loss = 0.140656; ['mse_0=0.020625; ', 'lpips_0=0.028632; ', 'mse_1=0.017608; ', 'lpips_1=0.027152; ', 'mse_2=0.017642; ', 'lpips_2=0.028997; ']
train step[22/3000] ; used: 23s; eta: 50m:7s; loss = 0.128126; ['mse_0=0.019278; ', 'lpips_0=0.027970; ', 'mse_1=0.016619; ', 'lpips_1=0.024519; ', 'mse_2=0.013898; ', 'lpips_2=0.025842; ']
train step[23/3000] ; used: 24s; eta: 50m:3s; loss = 0.121877; ['mse_0=0.015067; ', 'lpips_0=0.026957; ', 'mse_1=0.014298; ', 'lpips_1=0.024971; ', 'mse_2=0.013286; ', 'lpips_2=0.027298; ']
train step[24/3000] ; used: 25s; eta: 50m:1s; loss = 0.145827; ['mse_0=0.025449; ', 'lpips_0=0.027839; ', 'mse_1=0.020305; ', 'lpips_1=0.026692; ', 'mse_2=0.017390; ', 'lpips_2=0.028153; ']
train step[25/3000] ; used: 26s; eta: 49m:58s; loss = 0.114858; ['mse_0=0.015182; ', 'lpips_0=0.026904; ', 'mse_1=0.011127; ', 'lpips_1=0.024576; ', 'mse_2=0.010215; ', 'lpips_2=0.026853; ']
train step[26/3000] ; used: 27s; eta: 49m:55s; loss = 0.145327; ['mse_0=0.026289; ', 'lpips_0=0.028663; ', 'mse_1=0.018852; ', 'lpips_1=0.025924; ', 'mse_2=0.017529; ', 'lpips_2=0.028070; ']
train step[27/3000] ; used: 28s; eta: 49m:54s; loss = 0.162072; ['mse_0=0.035846; ', 'lpips_0=0.028549; ', 'mse_1=0.025735; ', 'lpips_1=0.025375; ', 'mse_2=0.020746; ', 'lpips_2=0.025822; ']
train step[28/3000] ; used: 29s; eta: 49m:51s; loss = 0.113955; ['mse_0=0.015851; ', 'lpips_0=0.026876; ', 'mse_1=0.012535; ', 'lpips_1=0.022086; ', 'mse_2=0.010920; ', 'lpips_2=0.025687; ']
train step[29/3000] ; used: 30s; eta: 49m:50s; loss = 0.133257; ['mse_0=0.016105; ', 'lpips_0=0.031938; ', 'mse_1=0.013065; ', 'lpips_1=0.029921; ', 'mse_2=0.013619; ', 'lpips_2=0.028608; ']
train step[30/3000] ; used: 31s; eta: 49m:47s; loss = 0.181903; ['mse_0=0.035691; ', 'lpips_0=0.031506; ', 'mse_1=0.029622; ', 'lpips_1=0.029041; ', 'mse_2=0.027383; ', 'lpips_2=0.028661; ']
train step[31/3000] ; used: 32s; eta: 49m:44s; loss = 0.146505; ['mse_0=0.023630; ', 'lpips_0=0.030334; ', 'mse_1=0.019088; ', 'lpips_1=0.027617; ', 'mse_2=0.018177; ', 'lpips_2=0.027658; ']
train step[32/3000] ; used: 33s; eta: 49m:45s; loss = 0.167972; ['mse_0=0.034223; ', 'lpips_0=0.029138; ', 'mse_1=0.026740; ', 'lpips_1=0.026011; ', 'mse_2=0.024305; ', 'lpips_2=0.027555; ']
train step[33/3000] ; used: 34s; eta: 49m:42s; loss = 0.165463; ['mse_0=0.034250; ', 'lpips_0=0.029253; ', 'mse_1=0.025335; ', 'lpips_1=0.025896; ', 'mse_2=0.023474; ', 'lpips_2=0.027255; ']
train step[34/3000] ; used: 35s; eta: 49m:38s; loss = 0.116705; ['mse_0=0.015846; ', 'lpips_0=0.027856; ', 'mse_1=0.011465; ', 'lpips_1=0.024985; ', 'mse_2=0.010032; ', 'lpips_2=0.026522; ']
train step[35/3000] ; used: 36s; eta: 49m:37s; loss = 0.117344; ['mse_0=0.016760; ', 'lpips_0=0.027130; ', 'mse_1=0.010055; ', 'lpips_1=0.026200; ', 'mse_2=0.010088; ', 'lpips_2=0.027111; ']
train step[36/3000] ; used: 37s; eta: 49m:38s; loss = 0.156349; ['mse_0=0.027524; ', 'lpips_0=0.029787; ', 'mse_1=0.023019; ', 'lpips_1=0.028092; ', 'mse_2=0.019335; ', 'lpips_2=0.028592; ']
train step[37/3000] ; used: 38s; eta: 49m:36s; loss = 0.139084; ['mse_0=0.025245; ', 'lpips_0=0.027683; ', 'mse_1=0.019450; ', 'lpips_1=0.025626; ', 'mse_2=0.014835; ', 'lpips_2=0.026244; ']
train step[38/3000] ; used: 39s; eta: 49m:34s; loss = 0.137498; ['mse_0=0.021824; ', 'lpips_0=0.029463; ', 'mse_1=0.016770; ', 'lpips_1=0.026431; ', 'mse_2=0.014842; ', 'lpips_2=0.028168; ']
train step[39/3000] ; used: 40s; eta: 49m:32s; loss = 0.125276; ['mse_0=0.019798; ', 'lpips_0=0.028179; ', 'mse_1=0.014054; ', 'lpips_1=0.023937; ', 'mse_2=0.013463; ', 'lpips_2=0.025845; ']
train step[40/3000] ; used: 41s; eta: 49m:29s; loss = 0.127662; ['mse_0=0.018688; ', 'lpips_0=0.027542; ', 'mse_1=0.014167; ', 'lpips_1=0.025918; ', 'mse_2=0.013815; ', 'lpips_2=0.027534; ']
train step[41/3000] ; used: 42s; eta: 49m:26s; loss = 0.104240; ['mse_0=0.012536; ', 'lpips_0=0.026096; ', 'mse_1=0.009312; ', 'lpips_1=0.023099; ', 'mse_2=0.008268; ', 'lpips_2=0.024930; ']
train step[42/3000] ; used: 43s; eta: 49m:24s; loss = 0.096634; ['mse_0=0.007961; ', 'lpips_0=0.025981; ', 'mse_1=0.006274; ', 'lpips_1=0.024128; ', 'mse_2=0.006389; ', 'lpips_2=0.025901; ']
train step[43/3000] ; used: 44s; eta: 49m:22s; loss = 0.120424; ['mse_0=0.018193; ', 'lpips_0=0.027372; ', 'mse_1=0.013408; ', 'lpips_1=0.024055; ', 'mse_2=0.012011; ', 'lpips_2=0.025385; ']
train step[44/3000] ; used: 45s; eta: 49m:20s; loss = 0.112323; ['mse_0=0.016046; ', 'lpips_0=0.026979; ', 'mse_1=0.010255; ', 'lpips_1=0.023107; ', 'mse_2=0.010750; ', 'lpips_2=0.025186; ']
train step[45/3000] ; used: 46s; eta: 49m:18s; loss = 0.141434; ['mse_0=0.027614; ', 'lpips_0=0.028271; ', 'mse_1=0.018575; ', 'lpips_1=0.025815; ', 'mse_2=0.015717; ', 'lpips_2=0.025441; ']
train step[46/3000] ; used: 47s; eta: 49m:16s; loss = 0.124820; ['mse_0=0.021646; ', 'lpips_0=0.026797; ', 'mse_1=0.014315; ', 'lpips_1=0.024248; ', 'mse_2=0.012622; ', 'lpips_2=0.025192; ']
train step[47/3000] ; used: 48s; eta: 49m:15s; loss = 0.123590; ['mse_0=0.018088; ', 'lpips_0=0.028827; ', 'mse_1=0.012069; ', 'lpips_1=0.025953; ', 'mse_2=0.011954; ', 'lpips_2=0.026700; ']
train step[48/3000] ; used: 49s; eta: 49m:13s; loss = 0.144597; ['mse_0=0.023194; ', 'lpips_0=0.029790; ', 'mse_1=0.017793; ', 'lpips_1=0.027623; ', 'mse_2=0.017063; ', 'lpips_2=0.029134; ']
train step[49/3000] ; used: 50s; eta: 49m:11s; loss = 0.129299; ['mse_0=0.020798; ', 'lpips_0=0.028925; ', 'mse_1=0.014652; ', 'lpips_1=0.025796; ', 'mse_2=0.013627; ', 'lpips_2=0.025502; ']
train step[50/3000] ; used: 50s; eta: 49m:9s; loss = 0.124302; ['mse_0=0.021093; ', 'lpips_0=0.026139; ', 'mse_1=0.015495; ', 'lpips_1=0.022237; ', 'mse_2=0.014541; ', 'lpips_2=0.024798; ']
train step[51/3000] ; used: 51s; eta: 49m:8s; loss = 0.115324; ['mse_0=0.015106; ', 'lpips_0=0.029270; ', 'mse_1=0.010556; ', 'lpips_1=0.024602; ', 'mse_2=0.009953; ', 'lpips_2=0.025839; ']
train step[52/3000] ; used: 52s; eta: 49m:6s; loss = 0.141690; ['mse_0=0.024991; ', 'lpips_0=0.030268; ', 'mse_1=0.018342; ', 'lpips_1=0.025660; ', 'mse_2=0.016639; ', 'lpips_2=0.025789; ']
train step[53/3000] ; used: 53s; eta: 49m:4s; loss = 0.117489; ['mse_0=0.020053; ', 'lpips_0=0.026746; ', 'mse_1=0.011331; ', 'lpips_1=0.022875; ', 'mse_2=0.011246; ', 'lpips_2=0.025239; ']
train step[54/3000] ; used: 54s; eta: 49m:5s; loss = 0.145138; ['mse_0=0.031878; ', 'lpips_0=0.028809; ', 'mse_1=0.020974; ', 'lpips_1=0.022855; ', 'mse_2=0.017642; ', 'lpips_2=0.022980; ']
train step[55/3000] ; used: 55s; eta: 49m:3s; loss = 0.110845; ['mse_0=0.015974; ', 'lpips_0=0.026405; ', 'mse_1=0.009738; ', 'lpips_1=0.023611; ', 'mse_2=0.009416; ', 'lpips_2=0.025702; ']
train step[56/3000] ; used: 56s; eta: 49m:2s; loss = 0.127635; ['mse_0=0.023246; ', 'lpips_0=0.028213; ', 'mse_1=0.012425; ', 'lpips_1=0.025009; ', 'mse_2=0.012217; ', 'lpips_2=0.026527; ']
train step[57/3000] ; used: 57s; eta: 49m:1s; loss = 0.158618; ['mse_0=0.031670; ', 'lpips_0=0.029778; ', 'mse_1=0.021066; ', 'lpips_1=0.026791; ', 'mse_2=0.021565; ', 'lpips_2=0.027748; ']
train step[58/3000] ; used: 58s; eta: 48m:59s; loss = 0.107963; ['mse_0=0.014726; ', 'lpips_0=0.027550; ', 'mse_1=0.008606; ', 'lpips_1=0.023599; ', 'mse_2=0.007900; ', 'lpips_2=0.025582; ']
train step[59/3000] ; used: 59s; eta: 48m:57s; loss = 0.118779; ['mse_0=0.018623; ', 'lpips_0=0.027219; ', 'mse_1=0.012533; ', 'lpips_1=0.023582; ', 'mse_2=0.011535; ', 'lpips_2=0.025287; ']
train step[60/3000] ; used: 1m; eta: 48m:55s; loss = 0.107608; ['mse_0=0.007358; ', 'lpips_0=0.027006; ', 'mse_1=0.008776; ', 'lpips_1=0.027403; ', 'mse_2=0.008156; ', 'lpips_2=0.028909; ']
train step[61/3000] ; used: 1m:1s; eta: 48m:54s; loss = 0.129309; ['mse_0=0.020518; ', 'lpips_0=0.027781; ', 'mse_1=0.014312; ', 'lpips_1=0.025469; ', 'mse_2=0.013900; ', 'lpips_2=0.027328; ']
train step[62/3000] ; used: 1m:2s; eta: 48m:52s; loss = 0.119235; ['mse_0=0.018444; ', 'lpips_0=0.026833; ', 'mse_1=0.013678; ', 'lpips_1=0.024208; ', 'mse_2=0.011589; ', 'lpips_2=0.024483; ']
train step[63/3000] ; used: 1m:3s; eta: 48m:50s; loss = 0.130505; ['mse_0=0.016835; ', 'lpips_0=0.027706; ', 'mse_1=0.014496; ', 'lpips_1=0.026078; ', 'mse_2=0.016921; ', 'lpips_2=0.028468; ']
train step[64/3000] ; used: 1m:4s; eta: 48m:48s; loss = 0.119822; ['mse_0=0.019574; ', 'lpips_0=0.026579; ', 'mse_1=0.013632; ', 'lpips_1=0.023500; ', 'mse_2=0.012048; ', 'lpips_2=0.024489; ']
train step[65/3000] ; used: 1m:5s; eta: 48m:47s; loss = 0.130559; ['mse_0=0.024480; ', 'lpips_0=0.027422; ', 'mse_1=0.014765; ', 'lpips_1=0.024151; ', 'mse_2=0.013951; ', 'lpips_2=0.025791; ']
train step[66/3000] ; used: 1m:6s; eta: 48m:46s; loss = 0.119630; ['mse_0=0.016118; ', 'lpips_0=0.029091; ', 'mse_1=0.010709; ', 'lpips_1=0.025453; ', 'mse_2=0.010980; ', 'lpips_2=0.027279; ']
train step[67/3000] ; used: 1m:7s; eta: 48m:44s; loss = 0.143801; ['mse_0=0.025105; ', 'lpips_0=0.027458; ', 'mse_1=0.017841; ', 'lpips_1=0.025754; ', 'mse_2=0.019041; ', 'lpips_2=0.028603; ']
train step[68/3000] ; used: 1m:8s; eta: 48m:43s; loss = 0.127021; ['mse_0=0.022474; ', 'lpips_0=0.028904; ', 'mse_1=0.013222; ', 'lpips_1=0.024454; ', 'mse_2=0.012630; ', 'lpips_2=0.025337; ']
train step[69/3000] ; used: 1m:9s; eta: 48m:42s; loss = 0.112908; ['mse_0=0.013749; ', 'lpips_0=0.026931; ', 'mse_1=0.010659; ', 'lpips_1=0.024765; ', 'mse_2=0.010084; ', 'lpips_2=0.026721; ']
train step[70/3000] ; used: 1m:10s; eta: 48m:41s; loss = 0.103213; ['mse_0=0.011239; ', 'lpips_0=0.027960; ', 'mse_1=0.007090; ', 'lpips_1=0.025037; ', 'mse_2=0.006225; ', 'lpips_2=0.025662; ']
train step[71/3000] ; used: 1m:11s; eta: 48m:40s; loss = 0.121721; ['mse_0=0.017856; ', 'lpips_0=0.026486; ', 'mse_1=0.014725; ', 'lpips_1=0.023109; ', 'mse_2=0.013447; ', 'lpips_2=0.026098; ']
train step[72/3000] ; used: 1m:12s; eta: 48m:38s; loss = 0.103753; ['mse_0=0.015118; ', 'lpips_0=0.027236; ', 'mse_1=0.007694; ', 'lpips_1=0.021656; ', 'mse_2=0.008070; ', 'lpips_2=0.023979; ']
train step[73/3000] ; used: 1m:13s; eta: 48m:38s; loss = 0.150084; ['mse_0=0.026280; ', 'lpips_0=0.029481; ', 'mse_1=0.021440; ', 'lpips_1=0.026601; ', 'mse_2=0.019048; ', 'lpips_2=0.027235; ']
train step[74/3000] ; used: 1m:14s; eta: 48m:37s; loss = 0.137842; ['mse_0=0.023594; ', 'lpips_0=0.028687; ', 'mse_1=0.018125; ', 'lpips_1=0.026254; ', 'mse_2=0.014686; ', 'lpips_2=0.026497; ']
train step[75/3000] ; used: 1m:15s; eta: 48m:35s; loss = 0.125742; ['mse_0=0.024173; ', 'lpips_0=0.027277; ', 'mse_1=0.012871; ', 'lpips_1=0.022898; ', 'mse_2=0.013324; ', 'lpips_2=0.025200; ']
train step[76/3000] ; used: 1m:16s; eta: 48m:35s; loss = 0.118658; ['mse_0=0.017140; ', 'lpips_0=0.027385; ', 'mse_1=0.011838; ', 'lpips_1=0.025202; ', 'mse_2=0.011500; ', 'lpips_2=0.025593; ']
train step[77/3000] ; used: 1m:17s; eta: 48m:35s; loss = 0.172961; ['mse_0=0.034705; ', 'lpips_0=0.029309; ', 'mse_1=0.027936; ', 'lpips_1=0.026980; ', 'mse_2=0.026469; ', 'lpips_2=0.027562; ']
train step[78/3000] ; used: 1m:18s; eta: 48m:33s; loss = 0.119232; ['mse_0=0.019975; ', 'lpips_0=0.025976; ', 'mse_1=0.013210; ', 'lpips_1=0.023573; ', 'mse_2=0.011379; ', 'lpips_2=0.025120; ']
train step[79/3000] ; used: 1m:19s; eta: 48m:32s; loss = 0.105985; ['mse_0=0.015525; ', 'lpips_0=0.027027; ', 'mse_1=0.008495; ', 'lpips_1=0.022736; ', 'mse_2=0.007926; ', 'lpips_2=0.024277; ']
train step[80/3000] ; used: 1m:20s; eta: 48m:31s; loss = 0.122161; ['mse_0=0.021328; ', 'lpips_0=0.027523; ', 'mse_1=0.013962; ', 'lpips_1=0.024315; ', 'mse_2=0.010665; ', 'lpips_2=0.024368; ']
train step[81/3000] ; used: 1m:21s; eta: 48m:30s; loss = 0.128055; ['mse_0=0.020877; ', 'lpips_0=0.027034; ', 'mse_1=0.014112; ', 'lpips_1=0.024374; ', 'mse_2=0.015102; ', 'lpips_2=0.026556; ']
train step[82/3000] ; used: 1m:22s; eta: 48m:29s; loss = 0.136278; ['mse_0=0.023309; ', 'lpips_0=0.028167; ', 'mse_1=0.015973; ', 'lpips_1=0.025406; ', 'mse_2=0.016535; ', 'lpips_2=0.026889; ']
train step[83/3000] ; used: 1m:23s; eta: 48m:28s; loss = 0.109107; ['mse_0=0.016196; ', 'lpips_0=0.026103; ', 'mse_1=0.010472; ', 'lpips_1=0.022212; ', 'mse_2=0.010435; ', 'lpips_2=0.023689; ']
train step[84/3000] ; used: 1m:24s; eta: 48m:26s; loss = 0.161727; ['mse_0=0.029153; ', 'lpips_0=0.030897; ', 'mse_1=0.023131; ', 'lpips_1=0.027525; ', 'mse_2=0.022592; ', 'lpips_2=0.028429; ']
train step[85/3000] ; used: 1m:25s; eta: 48m:25s; loss = 0.136840; ['mse_0=0.019944; ', 'lpips_0=0.030586; ', 'mse_1=0.014757; ', 'lpips_1=0.027919; ', 'mse_2=0.015377; ', 'lpips_2=0.028258; ']
train step[86/3000] ; used: 1m:26s; eta: 48m:24s; loss = 0.127118; ['mse_0=0.017920; ', 'lpips_0=0.028044; ', 'mse_1=0.013778; ', 'lpips_1=0.025225; ', 'mse_2=0.014914; ', 'lpips_2=0.027237; ']
train step[87/3000] ; used: 1m:27s; eta: 48m:23s; loss = 0.145604; ['mse_0=0.024147; ', 'lpips_0=0.029975; ', 'mse_1=0.019546; ', 'lpips_1=0.027295; ', 'mse_2=0.017194; ', 'lpips_2=0.027446; ']
train step[88/3000] ; used: 1m:28s; eta: 48m:22s; loss = 0.161719; ['mse_0=0.031930; ', 'lpips_0=0.029866; ', 'mse_1=0.023908; ', 'lpips_1=0.026586; ', 'mse_2=0.023071; ', 'lpips_2=0.026358; ']
train step[89/3000] ; used: 1m:29s; eta: 48m:21s; loss = 0.106538; ['mse_0=0.013401; ', 'lpips_0=0.025400; ', 'mse_1=0.010223; ', 'lpips_1=0.022864; ', 'mse_2=0.009949; ', 'lpips_2=0.024700; ']
train step[90/3000] ; used: 1m:30s; eta: 48m:20s; loss = 0.136435; ['mse_0=0.024109; ', 'lpips_0=0.027936; ', 'mse_1=0.018417; ', 'lpips_1=0.024064; ', 'mse_2=0.016670; ', 'lpips_2=0.025239; ']
train step[91/3000] ; used: 1m:31s; eta: 48m:20s; loss = 0.156572; ['mse_0=0.027451; ', 'lpips_0=0.030484; ', 'mse_1=0.021800; ', 'lpips_1=0.027599; ', 'mse_2=0.020658; ', 'lpips_2=0.028581; ']
train step[92/3000] ; used: 1m:32s; eta: 48m:19s; loss = 0.102390; ['mse_0=0.014381; ', 'lpips_0=0.025541; ', 'mse_1=0.009085; ', 'lpips_1=0.021602; ', 'mse_2=0.008315; ', 'lpips_2=0.023466; ']
train step[93/3000] ; used: 1m:33s; eta: 48m:18s; loss = 0.111543; ['mse_0=0.016205; ', 'lpips_0=0.025896; ', 'mse_1=0.011434; ', 'lpips_1=0.023549; ', 'mse_2=0.009684; ', 'lpips_2=0.024774; ']
train step[94/3000] ; used: 1m:34s; eta: 48m:17s; loss = 0.095564; ['mse_0=0.011864; ', 'lpips_0=0.026517; ', 'mse_1=0.006085; ', 'lpips_1=0.022231; ', 'mse_2=0.005642; ', 'lpips_2=0.023226; ']
train step[95/3000] ; used: 1m:35s; eta: 48m:22s; loss = 0.117382; ['mse_0=0.016239; ', 'lpips_0=0.028243; ', 'mse_1=0.010993; ', 'lpips_1=0.025144; ', 'mse_2=0.010788; ', 'lpips_2=0.025975; ']
train step[96/3000] ; used: 1m:36s; eta: 48m:22s; loss = 0.127135; ['mse_0=0.017299; ', 'lpips_0=0.029179; ', 'mse_1=0.013736; ', 'lpips_1=0.026729; ', 'mse_2=0.012585; ', 'lpips_2=0.027608; ']
train step[97/3000] ; used: 1m:37s; eta: 48m:20s; loss = 0.127379; ['mse_0=0.018310; ', 'lpips_0=0.028469; ', 'mse_1=0.014476; ', 'lpips_1=0.026223; ', 'mse_2=0.013352; ', 'lpips_2=0.026549; ']
train step[98/3000] ; used: 1m:38s; eta: 48m:20s; loss = 0.105022; ['mse_0=0.013349; ', 'lpips_0=0.027032; ', 'mse_1=0.007993; ', 'lpips_1=0.024004; ', 'mse_2=0.007669; ', 'lpips_2=0.024975; ']
train step[99/3000] ; used: 1m:39s; eta: 48m:18s; loss = 0.125870; ['mse_0=0.019681; ', 'lpips_0=0.027019; ', 'mse_1=0.015595; ', 'lpips_1=0.024668; ', 'mse_2=0.013561; ', 'lpips_2=0.025345; ']
train step[100/3000] ; used: 1m:40s; eta: 48m:17s; loss = 0.109442; ['mse_0=0.013208; ', 'lpips_0=0.028601; ', 'mse_1=0.007286; ', 'lpips_1=0.025679; ', 'mse_2=0.007541; ', 'lpips_2=0.027127; ']
train step[101/3000] ; used: 1m:41s; eta: 48m:16s; loss = 0.119863; ['mse_0=0.019557; ', 'lpips_0=0.026851; ', 'mse_1=0.013050; ', 'lpips_1=0.022834; ', 'mse_2=0.013054; ', 'lpips_2=0.024517; ']
train step[102/3000] ; used: 1m:42s; eta: 48m:14s; loss = 0.141939; ['mse_0=0.022437; ', 'lpips_0=0.028313; ', 'mse_1=0.019068; ', 'lpips_1=0.025366; ', 'mse_2=0.020343; ', 'lpips_2=0.026413; ']
train step[103/3000] ; used: 1m:43s; eta: 48m:13s; loss = 0.100052; ['mse_0=0.014952; ', 'lpips_0=0.025556; ', 'mse_1=0.009639; ', 'lpips_1=0.021067; ', 'mse_2=0.007620; ', 'lpips_2=0.021219; ']
train step[104/3000] ; used: 1m:44s; eta: 48m:12s; loss = 0.103324; ['mse_0=0.013308; ', 'lpips_0=0.026936; ', 'mse_1=0.008404; ', 'lpips_1=0.023959; ', 'mse_2=0.007682; ', 'lpips_2=0.023035; ']
train step[105/3000] ; used: 1m:45s; eta: 48m:10s; loss = 0.107725; ['mse_0=0.015390; ', 'lpips_0=0.027522; ', 'mse_1=0.009121; ', 'lpips_1=0.022505; ', 'mse_2=0.008976; ', 'lpips_2=0.024210; ']
train step[106/3000] ; used: 1m:46s; eta: 48m:10s; loss = 0.098627; ['mse_0=0.011424; ', 'lpips_0=0.026327; ', 'mse_1=0.006653; ', 'lpips_1=0.022547; ', 'mse_2=0.007381; ', 'lpips_2=0.024296; ']
train step[107/3000] ; used: 1m:47s; eta: 48m:9s; loss = 0.133977; ['mse_0=0.024855; ', 'lpips_0=0.026790; ', 'mse_1=0.017191; ', 'lpips_1=0.024464; ', 'mse_2=0.015623; ', 'lpips_2=0.025054; ']
train step[108/3000] ; used: 1m:48s; eta: 48m:7s; loss = 0.111482; ['mse_0=0.018211; ', 'lpips_0=0.026901; ', 'mse_1=0.010342; ', 'lpips_1=0.022740; ', 'mse_2=0.009713; ', 'lpips_2=0.023575; ']
train step[109/3000] ; used: 1m:49s; eta: 48m:6s; loss = 0.092753; ['mse_0=0.010994; ', 'lpips_0=0.025287; ', 'mse_1=0.006371; ', 'lpips_1=0.020804; ', 'mse_2=0.006294; ', 'lpips_2=0.023003; ']
Skipped bad example 1c46c37d7928785e. Context shape was torch.Size([2, 3, 338, 640]) and target shape was torch.Size([4, 3, 338, 640]).
train step[110/3000] ; used: 1m:50s; eta: 48m:4s; loss = 0.117714; ['mse_0=0.013812; ', 'lpips_0=0.029127; ', 'mse_1=0.012324; ', 'lpips_1=0.024230; ', 'mse_2=0.012391; ', 'lpips_2=0.025829; ']
train step[111/3000] ; used: 1m:51s; eta: 48m:3s; loss = 0.111371; ['mse_0=0.014986; ', 'lpips_0=0.029058; ', 'mse_1=0.009991; ', 'lpips_1=0.024064; ', 'mse_2=0.009389; ', 'lpips_2=0.023883; ']
train step[112/3000] ; used: 1m:52s; eta: 48m:1s; loss = 0.109955; ['mse_0=0.013911; ', 'lpips_0=0.026458; ', 'mse_1=0.009291; ', 'lpips_1=0.024242; ', 'mse_2=0.010202; ', 'lpips_2=0.025852; ']
train step[113/3000] ; used: 1m:53s; eta: 48m; loss = 0.120998; ['mse_0=0.017685; ', 'lpips_0=0.027443; ', 'mse_1=0.012501; ', 'lpips_1=0.024470; ', 'mse_2=0.013374; ', 'lpips_2=0.025525; ']
train step[114/3000] ; used: 1m:54s; eta: 47m:59s; loss = 0.100531; ['mse_0=0.013332; ', 'lpips_0=0.025008; ', 'mse_1=0.008922; ', 'lpips_1=0.022521; ', 'mse_2=0.007278; ', 'lpips_2=0.023470; ']
train step[115/3000] ; used: 1m:55s; eta: 47m:59s; loss = 0.136697; ['mse_0=0.022707; ', 'lpips_0=0.028331; ', 'mse_1=0.016642; ', 'lpips_1=0.025099; ', 'mse_2=0.017034; ', 'lpips_2=0.026884; ']
train step[116/3000] ; used: 1m:56s; eta: 47m:57s; loss = 0.121586; ['mse_0=0.018893; ', 'lpips_0=0.026862; ', 'mse_1=0.013671; ', 'lpips_1=0.024316; ', 'mse_2=0.013160; ', 'lpips_2=0.024685; ']
train step[117/3000] ; used: 1m:57s; eta: 47m:56s; loss = 0.101664; ['mse_0=0.010015; ', 'lpips_0=0.027172; ', 'mse_1=0.008410; ', 'lpips_1=0.023996; ', 'mse_2=0.008039; ', 'lpips_2=0.024033; ']
train step[118/3000] ; used: 1m:58s; eta: 47m:55s; loss = 0.109532; ['mse_0=0.011382; ', 'lpips_0=0.028245; ', 'mse_1=0.009200; ', 'lpips_1=0.027182; ', 'mse_2=0.007429; ', 'lpips_2=0.026093; ']
train step[119/3000] ; used: 1m:59s; eta: 47m:53s; loss = 0.122490; ['mse_0=0.018886; ', 'lpips_0=0.028143; ', 'mse_1=0.012368; ', 'lpips_1=0.024835; ', 'mse_2=0.012487; ', 'lpips_2=0.025771; ']
train step[120/3000] ; used: 2m; eta: 47m:52s; loss = 0.125860; ['mse_0=0.018850; ', 'lpips_0=0.028445; ', 'mse_1=0.013848; ', 'lpips_1=0.025361; ', 'mse_2=0.013576; ', 'lpips_2=0.025780; ']
train step[121/3000] ; used: 2m:1s; eta: 47m:51s; loss = 0.110015; ['mse_0=0.010346; ', 'lpips_0=0.028594; ', 'mse_1=0.009211; ', 'lpips_1=0.026602; ', 'mse_2=0.008288; ', 'lpips_2=0.026975; ']
train step[122/3000] ; used: 2m:2s; eta: 47m:49s; loss = 0.103805; ['mse_0=0.012653; ', 'lpips_0=0.027221; ', 'mse_1=0.008309; ', 'lpips_1=0.023394; ', 'mse_2=0.008398; ', 'lpips_2=0.023830; ']
train step[123/3000] ; used: 2m:3s; eta: 47m:48s; loss = 0.096412; ['mse_0=0.009100; ', 'lpips_0=0.027628; ', 'mse_1=0.006040; ', 'lpips_1=0.023346; ', 'mse_2=0.006221; ', 'lpips_2=0.024077; ']
train step[124/3000] ; used: 2m:4s; eta: 47m:46s; loss = 0.115993; ['mse_0=0.014100; ', 'lpips_0=0.028491; ', 'mse_1=0.011083; ', 'lpips_1=0.025852; ', 'mse_2=0.010704; ', 'lpips_2=0.025762; ']
train step[125/3000] ; used: 2m:5s; eta: 47m:45s; loss = 0.127842; ['mse_0=0.020313; ', 'lpips_0=0.028527; ', 'mse_1=0.014276; ', 'lpips_1=0.025715; ', 'mse_2=0.013015; ', 'lpips_2=0.025996; ']
train step[126/3000] ; used: 2m:6s; eta: 47m:44s; loss = 0.131511; ['mse_0=0.018710; ', 'lpips_0=0.029397; ', 'mse_1=0.013982; ', 'lpips_1=0.027112; ', 'mse_2=0.014621; ', 'lpips_2=0.027689; ']
train step[127/3000] ; used: 2m:7s; eta: 47m:44s; loss = 0.111063; ['mse_0=0.016981; ', 'lpips_0=0.025920; ', 'mse_1=0.011908; ', 'lpips_1=0.022211; ', 'mse_2=0.011326; ', 'lpips_2=0.022718; ']
train step[128/3000] ; used: 2m:8s; eta: 47m:44s; loss = 0.134197; ['mse_0=0.022513; ', 'lpips_0=0.029346; ', 'mse_1=0.015804; ', 'lpips_1=0.025930; ', 'mse_2=0.015433; ', 'lpips_2=0.025171; ']
train step[129/3000] ; used: 2m:9s; eta: 47m:43s; loss = 0.102234; ['mse_0=0.011735; ', 'lpips_0=0.025639; ', 'mse_1=0.008844; ', 'lpips_1=0.022989; ', 'mse_2=0.008473; ', 'lpips_2=0.024553; ']
train step[130/3000] ; used: 2m:10s; eta: 47m:42s; loss = 0.114245; ['mse_0=0.014711; ', 'lpips_0=0.027361; ', 'mse_1=0.010569; ', 'lpips_1=0.024993; ', 'mse_2=0.010487; ', 'lpips_2=0.026125; ']
train step[131/3000] ; used: 2m:11s; eta: 47m:41s; loss = 0.154092; ['mse_0=0.023819; ', 'lpips_0=0.030716; ', 'mse_1=0.021864; ', 'lpips_1=0.028812; ', 'mse_2=0.020116; ', 'lpips_2=0.028765; ']
Skipped bad example d9dc27d0e5121b5a. Context shape was torch.Size([2, 3, 270, 640]) and target shape was torch.Size([4, 3, 270, 640]).
train step[132/3000] ; used: 2m:12s; eta: 47m:40s; loss = 0.138124; ['mse_0=0.020861; ', 'lpips_0=0.030934; ', 'mse_1=0.015839; ', 'lpips_1=0.028355; ', 'mse_2=0.015271; ', 'lpips_2=0.026865; ']
train step[133/3000] ; used: 2m:13s; eta: 47m:40s; loss = 0.123047; ['mse_0=0.022084; ', 'lpips_0=0.027493; ', 'mse_1=0.013302; ', 'lpips_1=0.023797; ', 'mse_2=0.012709; ', 'lpips_2=0.023663; ']
train step[134/3000] ; used: 2m:14s; eta: 47m:45s; loss = 0.137603; ['mse_0=0.021411; ', 'lpips_0=0.028966; ', 'mse_1=0.017749; ', 'lpips_1=0.027366; ', 'mse_2=0.015225; ', 'lpips_2=0.026886; ']
train step[135/3000] ; used: 2m:15s; eta: 47m:44s; loss = 0.112858; ['mse_0=0.014343; ', 'lpips_0=0.028657; ', 'mse_1=0.009660; ', 'lpips_1=0.024889; ', 'mse_2=0.009571; ', 'lpips_2=0.025738; ']
train step[136/3000] ; used: 2m:16s; eta: 47m:42s; loss = 0.147588; ['mse_0=0.023685; ', 'lpips_0=0.030081; ', 'mse_1=0.018123; ', 'lpips_1=0.027464; ', 'mse_2=0.019785; ', 'lpips_2=0.028450; ']
train step[137/3000] ; used: 2m:17s; eta: 47m:41s; loss = 0.098733; ['mse_0=0.010237; ', 'lpips_0=0.026699; ', 'mse_1=0.006923; ', 'lpips_1=0.023659; ', 'mse_2=0.006830; ', 'lpips_2=0.024385; ']
train step[138/3000] ; used: 2m:18s; eta: 47m:40s; loss = 0.112026; ['mse_0=0.015933; ', 'lpips_0=0.026612; ', 'mse_1=0.011421; ', 'lpips_1=0.023065; ', 'mse_2=0.011512; ', 'lpips_2=0.023483; ']
train step[139/3000] ; used: 2m:19s; eta: 47m:39s; loss = 0.104737; ['mse_0=0.012954; ', 'lpips_0=0.026564; ', 'mse_1=0.007795; ', 'lpips_1=0.023092; ', 'mse_2=0.008792; ', 'lpips_2=0.025541; ']
train step[140/3000] ; used: 2m:20s; eta: 47m:38s; loss = 0.098478; ['mse_0=0.010331; ', 'lpips_0=0.026624; ', 'mse_1=0.007651; ', 'lpips_1=0.023556; ', 'mse_2=0.006932; ', 'lpips_2=0.023384; ']
train step[141/3000] ; used: 2m:21s; eta: 47m:36s; loss = 0.099068; ['mse_0=0.011761; ', 'lpips_0=0.026294; ', 'mse_1=0.007577; ', 'lpips_1=0.022976; ', 'mse_2=0.007436; ', 'lpips_2=0.023024; ']
train step[142/3000] ; used: 2m:22s; eta: 47m:35s; loss = 0.106791; ['mse_0=0.012965; ', 'lpips_0=0.028656; ', 'mse_1=0.007981; ', 'lpips_1=0.024834; ', 'mse_2=0.007669; ', 'lpips_2=0.024685; ']
train step[143/3000] ; used: 2m:23s; eta: 47m:33s; loss = 0.097500; ['mse_0=0.011735; ', 'lpips_0=0.027086; ', 'mse_1=0.007486; ', 'lpips_1=0.022784; ', 'mse_2=0.006612; ', 'lpips_2=0.021797; ']
train step[144/3000] ; used: 2m:24s; eta: 47m:32s; loss = 0.104124; ['mse_0=0.013182; ', 'lpips_0=0.025187; ', 'mse_1=0.009091; ', 'lpips_1=0.022918; ', 'mse_2=0.009775; ', 'lpips_2=0.023972; ']
train step[145/3000] ; used: 2m:25s; eta: 47m:31s; loss = 0.114168; ['mse_0=0.013182; ', 'lpips_0=0.028214; ', 'mse_1=0.010826; ', 'lpips_1=0.025728; ', 'mse_2=0.010384; ', 'lpips_2=0.025834; ']
train step[146/3000] ; used: 2m:26s; eta: 47m:30s; loss = 0.098697; ['mse_0=0.011898; ', 'lpips_0=0.026958; ', 'mse_1=0.007602; ', 'lpips_1=0.022648; ', 'mse_2=0.006743; ', 'lpips_2=0.022847; ']
train step[147/3000] ; used: 2m:27s; eta: 47m:29s; loss = 0.095587; ['mse_0=0.008700; ', 'lpips_0=0.027538; ', 'mse_1=0.007197; ', 'lpips_1=0.023427; ', 'mse_2=0.006238; ', 'lpips_2=0.022487; ']
train step[148/3000] ; used: 2m:28s; eta: 47m:28s; loss = 0.125273; ['mse_0=0.021194; ', 'lpips_0=0.027760; ', 'mse_1=0.014844; ', 'lpips_1=0.023277; ', 'mse_2=0.014256; ', 'lpips_2=0.023940; ']
train step[149/3000] ; used: 2m:29s; eta: 47m:27s; loss = 0.119898; ['mse_0=0.021932; ', 'lpips_0=0.026901; ', 'mse_1=0.013635; ', 'lpips_1=0.022224; ', 'mse_2=0.012689; ', 'lpips_2=0.022515; ']
train step[150/3000] ; used: 2m:30s; eta: 47m:26s; loss = 0.106369; ['mse_0=0.012405; ', 'lpips_0=0.027500; ', 'mse_1=0.009011; ', 'lpips_1=0.024010; ', 'mse_2=0.008712; ', 'lpips_2=0.024730; ']
train step[151/3000] ; used: 2m:31s; eta: 47m:24s; loss = 0.177801; ['mse_0=0.033037; ', 'lpips_0=0.029476; ', 'mse_1=0.030346; ', 'lpips_1=0.028698; ', 'mse_2=0.028231; ', 'lpips_2=0.028014; ']
train step[152/3000] ; used: 2m:32s; eta: 47m:23s; loss = 0.111105; ['mse_0=0.012279; ', 'lpips_0=0.027407; ', 'mse_1=0.010946; ', 'lpips_1=0.025556; ', 'mse_2=0.010112; ', 'lpips_2=0.024805; ']
train step[153/3000] ; used: 2m:33s; eta: 47m:22s; loss = 0.144874; ['mse_0=0.023398; ', 'lpips_0=0.029683; ', 'mse_1=0.018635; ', 'lpips_1=0.027028; ', 'mse_2=0.018542; ', 'lpips_2=0.027588; ']
train step[154/3000] ; used: 2m:34s; eta: 47m:21s; loss = 0.120065; ['mse_0=0.017485; ', 'lpips_0=0.027453; ', 'mse_1=0.012762; ', 'lpips_1=0.024997; ', 'mse_2=0.012175; ', 'lpips_2=0.025193; ']
train step[155/3000] ; used: 2m:35s; eta: 47m:20s; loss = 0.099893; ['mse_0=0.014203; ', 'lpips_0=0.024545; ', 'mse_1=0.010151; ', 'lpips_1=0.020782; ', 'mse_2=0.008662; ', 'lpips_2=0.021549; ']
train step[156/3000] ; used: 2m:36s; eta: 47m:19s; loss = 0.124874; ['mse_0=0.017847; ', 'lpips_0=0.028284; ', 'mse_1=0.014313; ', 'lpips_1=0.025138; ', 'mse_2=0.013749; ', 'lpips_2=0.025543; ']
train step[157/3000] ; used: 2m:37s; eta: 47m:18s; loss = 0.123575; ['mse_0=0.015449; ', 'lpips_0=0.028702; ', 'mse_1=0.012801; ', 'lpips_1=0.026870; ', 'mse_2=0.012354; ', 'lpips_2=0.027399; ']
train step[158/3000] ; used: 2m:38s; eta: 47m:17s; loss = 0.131263; ['mse_0=0.019551; ', 'lpips_0=0.029001; ', 'mse_1=0.014466; ', 'lpips_1=0.026937; ', 'mse_2=0.014259; ', 'lpips_2=0.027050; ']
train step[159/3000] ; used: 2m:39s; eta: 47m:16s; loss = 0.121840; ['mse_0=0.016864; ', 'lpips_0=0.028881; ', 'mse_1=0.012191; ', 'lpips_1=0.025738; ', 'mse_2=0.011968; ', 'lpips_2=0.026199; ']
train step[160/3000] ; used: 2m:40s; eta: 47m:15s; loss = 0.125558; ['mse_0=0.018112; ', 'lpips_0=0.029079; ', 'mse_1=0.013354; ', 'lpips_1=0.026731; ', 'mse_2=0.012378; ', 'lpips_2=0.025905; ']
train step[161/3000] ; used: 2m:41s; eta: 47m:14s; loss = 0.105193; ['mse_0=0.009698; ', 'lpips_0=0.028064; ', 'mse_1=0.008890; ', 'lpips_1=0.026095; ', 'mse_2=0.007458; ', 'lpips_2=0.024987; ']
train step[162/3000] ; used: 2m:42s; eta: 47m:14s; loss = 0.110351; ['mse_0=0.014005; ', 'lpips_0=0.028506; ', 'mse_1=0.009763; ', 'lpips_1=0.024721; ', 'mse_2=0.009094; ', 'lpips_2=0.024262; ']
train step[163/3000] ; used: 2m:43s; eta: 47m:12s; loss = 0.095923; ['mse_0=0.010940; ', 'lpips_0=0.025942; ', 'mse_1=0.006793; ', 'lpips_1=0.021975; ', 'mse_2=0.006889; ', 'lpips_2=0.023383; ']
train step[164/3000] ; used: 2m:44s; eta: 47m:11s; loss = 0.136125; ['mse_0=0.020690; ', 'lpips_0=0.029403; ', 'mse_1=0.017404; ', 'lpips_1=0.026516; ', 'mse_2=0.016077; ', 'lpips_2=0.026035; ']
train step[165/3000] ; used: 2m:45s; eta: 47m:10s; loss = 0.107632; ['mse_0=0.016843; ', 'lpips_0=0.026013; ', 'mse_1=0.010389; ', 'lpips_1=0.020643; ', 'mse_2=0.010647; ', 'lpips_2=0.023097; ']
train step[166/3000] ; used: 2m:46s; eta: 47m:9s; loss = 0.123990; ['mse_0=0.020674; ', 'lpips_0=0.028765; ', 'mse_1=0.013664; ', 'lpips_1=0.023484; ', 'mse_2=0.013142; ', 'lpips_2=0.024261; ']
train step[167/3000] ; used: 2m:47s; eta: 47m:8s; loss = 0.118590; ['mse_0=0.016206; ', 'lpips_0=0.027923; ', 'mse_1=0.012591; ', 'lpips_1=0.025779; ', 'mse_2=0.010539; ', 'lpips_2=0.025553; ']
train step[168/3000] ; used: 2m:48s; eta: 47m:7s; loss = 0.107664; ['mse_0=0.013423; ', 'lpips_0=0.026522; ', 'mse_1=0.011223; ', 'lpips_1=0.022873; ', 'mse_2=0.009930; ', 'lpips_2=0.023693; ']
train step[169/3000] ; used: 2m:49s; eta: 47m:6s; loss = 0.094800; ['mse_0=0.009782; ', 'lpips_0=0.025483; ', 'mse_1=0.006819; ', 'lpips_1=0.022225; ', 'mse_2=0.007076; ', 'lpips_2=0.023415; ']
train step[170/3000] ; used: 2m:50s; eta: 47m:5s; loss = 0.130272; ['mse_0=0.019336; ', 'lpips_0=0.028030; ', 'mse_1=0.017229; ', 'lpips_1=0.025089; ', 'mse_2=0.015500; ', 'lpips_2=0.025088; ']
train step[171/3000] ; used: 2m:51s; eta: 47m:4s; loss = 0.104742; ['mse_0=0.015750; ', 'lpips_0=0.027472; ', 'mse_1=0.009701; ', 'lpips_1=0.020593; ', 'mse_2=0.010163; ', 'lpips_2=0.021063; ']
train step[172/3000] ; used: 2m:52s; eta: 47m:3s; loss = 0.098573; ['mse_0=0.011243; ', 'lpips_0=0.027173; ', 'mse_1=0.006900; ', 'lpips_1=0.022808; ', 'mse_2=0.007085; ', 'lpips_2=0.023364; ']
train step[173/3000] ; used: 2m:53s; eta: 47m:2s; loss = 0.088783; ['mse_0=0.006637; ', 'lpips_0=0.026066; ', 'mse_1=0.004733; ', 'lpips_1=0.022692; ', 'mse_2=0.004841; ', 'lpips_2=0.023815; ']
train step[174/3000] ; used: 2m:54s; eta: 47m; loss = 0.097567; ['mse_0=0.012380; ', 'lpips_0=0.026218; ', 'mse_1=0.008395; ', 'lpips_1=0.021363; ', 'mse_2=0.007659; ', 'lpips_2=0.021552; ']
train step[175/3000] ; used: 2m:55s; eta: 47m; loss = 0.117242; ['mse_0=0.016745; ', 'lpips_0=0.027699; ', 'mse_1=0.012425; ', 'lpips_1=0.023873; ', 'mse_2=0.012449; ', 'lpips_2=0.024052; ']
train step[176/3000] ; used: 2m:56s; eta: 46m:59s; loss = 0.140398; ['mse_0=0.027599; ', 'lpips_0=0.027263; ', 'mse_1=0.019767; ', 'lpips_1=0.023022; ', 'mse_2=0.018612; ', 'lpips_2=0.024135; ']
train step[177/3000] ; used: 2m:57s; eta: 46m:59s; loss = 0.112085; ['mse_0=0.014731; ', 'lpips_0=0.028200; ', 'mse_1=0.010715; ', 'lpips_1=0.023877; ', 'mse_2=0.010509; ', 'lpips_2=0.024053; ']
train step[178/3000] ; used: 2m:58s; eta: 46m:58s; loss = 0.102058; ['mse_0=0.013177; ', 'lpips_0=0.027448; ', 'mse_1=0.007733; ', 'lpips_1=0.022427; ', 'mse_2=0.007951; ', 'lpips_2=0.023322; ']
train step[179/3000] ; used: 2m:59s; eta: 46m:56s; loss = 0.094283; ['mse_0=0.008354; ', 'lpips_0=0.027929; ', 'mse_1=0.005931; ', 'lpips_1=0.023362; ', 'mse_2=0.005627; ', 'lpips_2=0.023080; ']
train step[180/3000] ; used: 3m; eta: 46m:55s; loss = 0.120509; ['mse_0=0.016198; ', 'lpips_0=0.026847; ', 'mse_1=0.013804; ', 'lpips_1=0.024942; ', 'mse_2=0.013052; ', 'lpips_2=0.025666; ']
train step[181/3000] ; used: 3m:1s; eta: 46m:55s; loss = 0.091567; ['mse_0=0.009160; ', 'lpips_0=0.024722; ', 'mse_1=0.006859; ', 'lpips_1=0.021467; ', 'mse_2=0.006809; ', 'lpips_2=0.022551; ']
train step[182/3000] ; used: 3m:2s; eta: 46m:53s; loss = 0.145349; ['mse_0=0.025018; ', 'lpips_0=0.029738; ', 'mse_1=0.018627; ', 'lpips_1=0.025980; ', 'mse_2=0.019465; ', 'lpips_2=0.026522; ']
train step[183/3000] ; used: 3m:3s; eta: 46m:53s; loss = 0.105183; ['mse_0=0.014485; ', 'lpips_0=0.027069; ', 'mse_1=0.009837; ', 'lpips_1=0.022590; ', 'mse_2=0.008865; ', 'lpips_2=0.022336; ']
train step[184/3000] ; used: 3m:4s; eta: 46m:52s; loss = 0.129783; ['mse_0=0.024110; ', 'lpips_0=0.027391; ', 'mse_1=0.017716; ', 'lpips_1=0.021994; ', 'mse_2=0.016428; ', 'lpips_2=0.022144; ']
train step[185/3000] ; used: 3m:5s; eta: 46m:51s; loss = 0.122737; ['mse_0=0.016731; ', 'lpips_0=0.027341; ', 'mse_1=0.013329; ', 'lpips_1=0.024439; ', 'mse_2=0.014730; ', 'lpips_2=0.026167; ']
train step[186/3000] ; used: 3m:6s; eta: 46m:50s; loss = 0.157943; ['mse_0=0.027703; ', 'lpips_0=0.028677; ', 'mse_1=0.025334; ', 'lpips_1=0.026697; ', 'mse_2=0.022015; ', 'lpips_2=0.027516; ']
train step[187/3000] ; used: 3m:7s; eta: 46m:49s; loss = 0.133545; ['mse_0=0.021078; ', 'lpips_0=0.028431; ', 'mse_1=0.016598; ', 'lpips_1=0.025299; ', 'mse_2=0.016231; ', 'lpips_2=0.025907; ']
train step[188/3000] ; used: 3m:8s; eta: 46m:49s; loss = 0.133743; ['mse_0=0.020079; ', 'lpips_0=0.029674; ', 'mse_1=0.015610; ', 'lpips_1=0.026682; ', 'mse_2=0.015171; ', 'lpips_2=0.026528; ']
train step[189/3000] ; used: 3m:9s; eta: 46m:48s; loss = 0.143580; ['mse_0=0.024657; ', 'lpips_0=0.028900; ', 'mse_1=0.020496; ', 'lpips_1=0.025164; ', 'mse_2=0.019074; ', 'lpips_2=0.025288; ']
train step[190/3000] ; used: 3m:10s; eta: 46m:47s; loss = 0.087962; ['mse_0=0.007064; ', 'lpips_0=0.027015; ', 'mse_1=0.004195; ', 'lpips_1=0.022928; ', 'mse_2=0.003733; ', 'lpips_2=0.023027; ']
train step[191/3000] ; used: 3m:11s; eta: 46m:46s; loss = 0.096169; ['mse_0=0.012025; ', 'lpips_0=0.024070; ', 'mse_1=0.008246; ', 'lpips_1=0.021411; ', 'mse_2=0.008223; ', 'lpips_2=0.022193; ']
train step[192/3000] ; used: 3m:12s; eta: 46m:45s; loss = 0.106672; ['mse_0=0.013544; ', 'lpips_0=0.025008; ', 'mse_1=0.010077; ', 'lpips_1=0.024374; ', 'mse_2=0.008951; ', 'lpips_2=0.024719; ']
train step[193/3000] ; used: 3m:13s; eta: 46m:44s; loss = 0.121138; ['mse_0=0.017155; ', 'lpips_0=0.028207; ', 'mse_1=0.012717; ', 'lpips_1=0.024553; ', 'mse_2=0.013264; ', 'lpips_2=0.025241; ']
train step[194/3000] ; used: 3m:14s; eta: 46m:43s; loss = 0.123417; ['mse_0=0.016908; ', 'lpips_0=0.028380; ', 'mse_1=0.013080; ', 'lpips_1=0.025137; ', 'mse_2=0.013652; ', 'lpips_2=0.026260; ']
train step[195/3000] ; used: 3m:15s; eta: 46m:42s; loss = 0.092170; ['mse_0=0.006461; ', 'lpips_0=0.026631; ', 'mse_1=0.005906; ', 'lpips_1=0.023458; ', 'mse_2=0.006045; ', 'lpips_2=0.023668; ']
train step[196/3000] ; used: 3m:16s; eta: 46m:41s; loss = 0.107236; ['mse_0=0.012121; ', 'lpips_0=0.027475; ', 'mse_1=0.009804; ', 'lpips_1=0.024370; ', 'mse_2=0.009274; ', 'lpips_2=0.024193; ']
train step[197/3000] ; used: 3m:17s; eta: 46m:40s; loss = 0.114624; ['mse_0=0.015243; ', 'lpips_0=0.028195; ', 'mse_1=0.011114; ', 'lpips_1=0.025376; ', 'mse_2=0.009409; ', 'lpips_2=0.025288; ']
train step[198/3000] ; used: 3m:18s; eta: 46m:39s; loss = 0.122521; ['mse_0=0.018907; ', 'lpips_0=0.028080; ', 'mse_1=0.013180; ', 'lpips_1=0.023607; ', 'mse_2=0.014382; ', 'lpips_2=0.024364; ']
train step[199/3000] ; used: 3m:19s; eta: 46m:38s; loss = 0.107447; ['mse_0=0.015607; ', 'lpips_0=0.026081; ', 'mse_1=0.011383; ', 'lpips_1=0.021973; ', 'mse_2=0.010734; ', 'lpips_2=0.021669; ']
train step[200/3000] ; used: 3m:20s; eta: 46m:37s; loss = 0.124070; ['mse_0=0.019795; ', 'lpips_0=0.028394; ', 'mse_1=0.012773; ', 'lpips_1=0.023807; ', 'mse_2=0.014236; ', 'lpips_2=0.025066; ']
train step[201/3000] ; used: 3m:21s; eta: 46m:35s; loss = 0.110567; ['mse_0=0.012535; ', 'lpips_0=0.028207; ', 'mse_1=0.009458; ', 'lpips_1=0.024488; ', 'mse_2=0.010057; ', 'lpips_2=0.025823; ']
train step[202/3000] ; used: 3m:22s; eta: 46m:35s; loss = 0.109570; ['mse_0=0.014753; ', 'lpips_0=0.027085; ', 'mse_1=0.010239; ', 'lpips_1=0.023289; ', 'mse_2=0.010399; ', 'lpips_2=0.023805; ']
train step[203/3000] ; used: 3m:23s; eta: 46m:34s; loss = 0.104064; ['mse_0=0.014179; ', 'lpips_0=0.026852; ', 'mse_1=0.009251; ', 'lpips_1=0.022796; ', 'mse_2=0.008036; ', 'lpips_2=0.022950; ']
train step[204/3000] ; used: 3m:24s; eta: 46m:33s; loss = 0.106452; ['mse_0=0.012197; ', 'lpips_0=0.027613; ', 'mse_1=0.009421; ', 'lpips_1=0.023531; ', 'mse_2=0.009233; ', 'lpips_2=0.024457; ']
train step[205/3000] ; used: 3m:25s; eta: 46m:32s; loss = 0.120320; ['mse_0=0.018952; ', 'lpips_0=0.027791; ', 'mse_1=0.013365; ', 'lpips_1=0.023453; ', 'mse_2=0.013063; ', 'lpips_2=0.023696; ']
train step[206/3000] ; used: 3m:26s; eta: 46m:31s; loss = 0.132647; ['mse_0=0.019185; ', 'lpips_0=0.028410; ', 'mse_1=0.016213; ', 'lpips_1=0.025993; ', 'mse_2=0.016545; ', 'lpips_2=0.026302; ']
train step[207/3000] ; used: 3m:27s; eta: 46m:30s; loss = 0.107586; ['mse_0=0.016128; ', 'lpips_0=0.026211; ', 'mse_1=0.010322; ', 'lpips_1=0.021110; ', 'mse_2=0.011069; ', 'lpips_2=0.022745; ']
train step[208/3000] ; used: 3m:28s; eta: 46m:28s; loss = 0.115201; ['mse_0=0.016317; ', 'lpips_0=0.028026; ', 'mse_1=0.011113; ', 'lpips_1=0.023813; ', 'mse_2=0.011645; ', 'lpips_2=0.024286; ']
train step[209/3000] ; used: 3m:29s; eta: 46m:27s; loss = 0.125404; ['mse_0=0.017556; ', 'lpips_0=0.029688; ', 'mse_1=0.013911; ', 'lpips_1=0.026063; ', 'mse_2=0.012981; ', 'lpips_2=0.025206; ']
train step[210/3000] ; used: 3m:30s; eta: 46m:27s; loss = 0.088202; ['mse_0=0.008467; ', 'lpips_0=0.025658; ', 'mse_1=0.005291; ', 'lpips_1=0.022339; ', 'mse_2=0.004579; ', 'lpips_2=0.021868; ']
train step[211/3000] ; used: 3m:31s; eta: 46m:26s; loss = 0.145849; ['mse_0=0.026164; ', 'lpips_0=0.028674; ', 'mse_1=0.021836; ', 'lpips_1=0.023434; ', 'mse_2=0.021338; ', 'lpips_2=0.024402; ']
train step[212/3000] ; used: 3m:32s; eta: 46m:25s; loss = 0.129622; ['mse_0=0.019234; ', 'lpips_0=0.028766; ', 'mse_1=0.016052; ', 'lpips_1=0.025185; ', 'mse_2=0.015467; ', 'lpips_2=0.024918; ']
train step[213/3000] ; used: 3m:33s; eta: 46m:24s; loss = 0.088657; ['mse_0=0.010680; ', 'lpips_0=0.024235; ', 'mse_1=0.006254; ', 'lpips_1=0.019245; ', 'mse_2=0.006776; ', 'lpips_2=0.021466; ']
train step[214/3000] ; used: 3m:34s; eta: 46m:22s; loss = 0.106316; ['mse_0=0.012340; ', 'lpips_0=0.026603; ', 'mse_1=0.009403; ', 'lpips_1=0.023782; ', 'mse_2=0.009866; ', 'lpips_2=0.024323; ']
train step[215/3000] ; used: 3m:35s; eta: 46m:22s; loss = 0.115584; ['mse_0=0.016975; ', 'lpips_0=0.027443; ', 'mse_1=0.012524; ', 'lpips_1=0.022640; ', 'mse_2=0.012634; ', 'lpips_2=0.023369; ']
train step[216/3000] ; used: 3m:36s; eta: 46m:21s; loss = 0.115653; ['mse_0=0.017484; ', 'lpips_0=0.027009; ', 'mse_1=0.011683; ', 'lpips_1=0.022776; ', 'mse_2=0.012685; ', 'lpips_2=0.024017; ']
train step[217/3000] ; used: 3m:37s; eta: 46m:20s; loss = 0.121763; ['mse_0=0.019373; ', 'lpips_0=0.026878; ', 'mse_1=0.014093; ', 'lpips_1=0.022586; ', 'mse_2=0.014671; ', 'lpips_2=0.024161; ']
train step[218/3000] ; used: 3m:38s; eta: 46m:19s; loss = 0.091540; ['mse_0=0.011032; ', 'lpips_0=0.026878; ', 'mse_1=0.006038; ', 'lpips_1=0.021129; ', 'mse_2=0.005532; ', 'lpips_2=0.020932; ']
train step[219/3000] ; used: 3m:39s; eta: 46m:19s; loss = 0.114063; ['mse_0=0.015564; ', 'lpips_0=0.027299; ', 'mse_1=0.012550; ', 'lpips_1=0.023492; ', 'mse_2=0.011387; ', 'lpips_2=0.023771; ']
train step[220/3000] ; used: 3m:40s; eta: 46m:18s; loss = 0.127929; ['mse_0=0.018328; ', 'lpips_0=0.029092; ', 'mse_1=0.014966; ', 'lpips_1=0.025928; ', 'mse_2=0.014500; ', 'lpips_2=0.025114; ']
train step[221/3000] ; used: 3m:41s; eta: 46m:17s; loss = 0.111039; ['mse_0=0.016005; ', 'lpips_0=0.027985; ', 'mse_1=0.010809; ', 'lpips_1=0.023588; ', 'mse_2=0.009973; ', 'lpips_2=0.022678; ']
train step[222/3000] ; used: 3m:42s; eta: 46m:17s; loss = 0.101488; ['mse_0=0.011167; ', 'lpips_0=0.027255; ', 'mse_1=0.008030; ', 'lpips_1=0.023070; ', 'mse_2=0.008285; ', 'lpips_2=0.023681; ']
train step[223/3000] ; used: 3m:43s; eta: 46m:16s; loss = 0.106234; ['mse_0=0.014201; ', 'lpips_0=0.026863; ', 'mse_1=0.009714; ', 'lpips_1=0.022772; ', 'mse_2=0.009607; ', 'lpips_2=0.023077; ']
train step[224/3000] ; used: 3m:44s; eta: 46m:15s; loss = 0.141298; ['mse_0=0.025446; ', 'lpips_0=0.029071; ', 'mse_1=0.017687; ', 'lpips_1=0.025090; ', 'mse_2=0.018667; ', 'lpips_2=0.025336; ']
train step[225/3000] ; used: 3m:45s; eta: 46m:14s; loss = 0.094185; ['mse_0=0.009971; ', 'lpips_0=0.026934; ', 'mse_1=0.006579; ', 'lpips_1=0.022437; ', 'mse_2=0.006344; ', 'lpips_2=0.021921; ']
train step[226/3000] ; used: 3m:46s; eta: 46m:12s; loss = 0.118627; ['mse_0=0.017604; ', 'lpips_0=0.028117; ', 'mse_1=0.013123; ', 'lpips_1=0.024583; ', 'mse_2=0.011365; ', 'lpips_2=0.023835; ']
train step[227/3000] ; used: 3m:47s; eta: 46m:11s; loss = 0.150521; ['mse_0=0.025913; ', 'lpips_0=0.030107; ', 'mse_1=0.021699; ', 'lpips_1=0.027788; ', 'mse_2=0.018006; ', 'lpips_2=0.027008; ']
train step[228/3000] ; used: 3m:48s; eta: 46m:10s; loss = 0.091193; ['mse_0=0.009829; ', 'lpips_0=0.026956; ', 'mse_1=0.006323; ', 'lpips_1=0.020546; ', 'mse_2=0.006534; ', 'lpips_2=0.021005; ']
train step[229/3000] ; used: 3m:49s; eta: 46m:9s; loss = 0.090786; ['mse_0=0.009780; ', 'lpips_0=0.026683; ', 'mse_1=0.006218; ', 'lpips_1=0.021172; ', 'mse_2=0.006295; ', 'lpips_2=0.020636; ']
train step[230/3000] ; used: 3m:50s; eta: 46m:8s; loss = 0.101296; ['mse_0=0.011589; ', 'lpips_0=0.026924; ', 'mse_1=0.008922; ', 'lpips_1=0.022345; ', 'mse_2=0.008968; ', 'lpips_2=0.022548; ']
train step[231/3000] ; used: 3m:51s; eta: 46m:7s; loss = 0.119963; ['mse_0=0.017384; ', 'lpips_0=0.027531; ', 'mse_1=0.012839; ', 'lpips_1=0.023967; ', 'mse_2=0.012776; ', 'lpips_2=0.025467; ']
train step[232/3000] ; used: 3m:52s; eta: 46m:6s; loss = 0.124366; ['mse_0=0.019215; ', 'lpips_0=0.027325; ', 'mse_1=0.016098; ', 'lpips_1=0.023556; ', 'mse_2=0.014287; ', 'lpips_2=0.023886; ']
train step[233/3000] ; used: 3m:53s; eta: 46m:5s; loss = 0.097412; ['mse_0=0.012241; ', 'lpips_0=0.024999; ', 'mse_1=0.008558; ', 'lpips_1=0.021365; ', 'mse_2=0.008262; ', 'lpips_2=0.021988; ']
train step[234/3000] ; used: 3m:54s; eta: 46m:4s; loss = 0.098157; ['mse_0=0.013332; ', 'lpips_0=0.025910; ', 'mse_1=0.008510; ', 'lpips_1=0.020648; ', 'mse_2=0.008581; ', 'lpips_2=0.021176; ']
train step[235/3000] ; used: 3m:55s; eta: 46m:3s; loss = 0.101851; ['mse_0=0.010966; ', 'lpips_0=0.027543; ', 'mse_1=0.008407; ', 'lpips_1=0.022242; ', 'mse_2=0.009223; ', 'lpips_2=0.023471; ']
train step[236/3000] ; used: 3m:56s; eta: 46m:2s; loss = 0.088284; ['mse_0=0.008008; ', 'lpips_0=0.024715; ', 'mse_1=0.005827; ', 'lpips_1=0.022064; ', 'mse_2=0.005420; ', 'lpips_2=0.022250; ']
train step[237/3000] ; used: 3m:57s; eta: 46m:1s; loss = 0.107478; ['mse_0=0.013779; ', 'lpips_0=0.028458; ', 'mse_1=0.009839; ', 'lpips_1=0.023126; ', 'mse_2=0.009055; ', 'lpips_2=0.023221; ']
train step[238/3000] ; used: 3m:58s; eta: 46m; loss = 0.138322; ['mse_0=0.022386; ', 'lpips_0=0.028314; ', 'mse_1=0.018379; ', 'lpips_1=0.025489; ', 'mse_2=0.017961; ', 'lpips_2=0.025792; ']
