/ceph_data/clue9986/anaconda3/envs/hisplat/lib/python3.10/site-packages/lightning_fabric/__init__.py:41: pkg_resources is deprecated as an API. See https://setuptools.pypa.io/en/latest/pkg_resources.html. The pkg_resources package is slated for removal as early as 2025-11-30. Refrain from using this package or pin to Setuptools<81.
xFormers not available
FLASH ATTENTION2 not available
xFormers not available
GPU available: True (cuda), used: True
TPU available: False, using: 0 TPU cores
HPU available: False, using: 0 HPUs
Initializing distributed: GLOBAL_RANK: 0, MEMBER: 1/1
----------------------------------------------------------------------------------------------------
distributed_backend=nccl
All distributed processes registered. Starting with 1 processes
----------------------------------------------------------------------------------------------------

wandb: WARNING `resume` will be ignored since W&B syncing is set to `offline`. Starting a new run with run id ms8hh5sz.
wandb: Tracking run with wandb version 0.17.1
wandb: W&B syncing is set to `offline` in this directory.  
wandb: Run `wandb online` or set WANDB_MODE=online to enable cloud syncing.
LOCAL_RANK: 0 - CUDA_VISIBLE_DEVICES: [0]

  | Name      | Type                     | Params | Mode 
---------------------------------------------------------------
0 | encoder   | EncoderCostVolumePyramid | 245 M  | train
1 | decoder   | DecoderSplattingCUDA     | 0      | train
2 | losses    | ModuleList               | 0      | train
3 | rate_loss | RateLoss                 | 0      | train
---------------------------------------------------------------
159 M     Trainable params
86.6 M    Non-trainable params
245 M     Total params
983.595   Total estimated model params size (MB)
Error executing job with overrides: ['+experiment=re10k', 'mode=train', 'device=1', 'dataset.roots=[/data3/local_datasets/re10k]', 'data_loader.train.batch_size=2', 'data_loader.train.num_workers=8', 'output_dir=rescue3_M512_d244_reconlong30k', 'trainer.max_steps=30000', 'trainer.val_check_interval=100000', 'checkpointing.load=checkpoints/hisplat_re10k.ckpt', 'checkpointing.resume=false', 'checkpointing.every_n_train_steps=5000', 'checkpointing.save_top_k=-1', 'model.encoder.gaussian_adapter.sh_degree=4', 'model.encoder.use_gauss_feature_compression=true', 'model.encoder.codec_stage_N=[192,192,192]', 'model.encoder.codec_stage_M=[512,512,512]', 'model.encoder.codec_stage_depth=[2,4,4]', 'model.encoder.codec_train_mode=full', 'model.encoder.codec_input=proj', 'train.phase=warmup', 'train.lambda_rd=0.0', 'train.lr_codec=1.0e-4', 'train.lr_aux=1.0e-5', 'train.lr_generator=2.0e-5', 'train.lr_codec_cooldown=2.0e-5', 'train.lr_generator_cooldown=5.0e-6', 'train.codec_lr_warmup_steps=200', 'train.codec_lr_warmup_start_factor=0.1', 'train.codec_recon_weight=1.0', 'train.codec_warmup_bypass=true', 'test.compress=false', 'wandb.mode=offline', 'wandb.name=hisplat_msh_warmup_lmd0.0']
Traceback (most recent call last):
  File "/ceph_data/clue9986/anaconda3/envs/hisplat/lib/python3.10/runpy.py", line 196, in _run_module_as_main
    return _run_code(code, main_globals, None,
  File "/ceph_data/clue9986/anaconda3/envs/hisplat/lib/python3.10/runpy.py", line 86, in _run_code
    exec(code, run_globals)
  File "/ceph_data/clue9986/HiSplatMSH/src/main.py", line 188, in <module>
    train()
  File "/ceph_data/clue9986/anaconda3/envs/hisplat/lib/python3.10/site-packages/hydra/main.py", line 94, in decorated_main
    _run_hydra(
  File "/ceph_data/clue9986/anaconda3/envs/hisplat/lib/python3.10/site-packages/hydra/_internal/utils.py", line 394, in _run_hydra
    _run_app(
  File "/ceph_data/clue9986/anaconda3/envs/hisplat/lib/python3.10/site-packages/hydra/_internal/utils.py", line 457, in _run_app
    run_and_report(
  File "/ceph_data/clue9986/anaconda3/envs/hisplat/lib/python3.10/site-packages/hydra/_internal/utils.py", line 223, in run_and_report
    raise ex
  File "/ceph_data/clue9986/anaconda3/envs/hisplat/lib/python3.10/site-packages/hydra/_internal/utils.py", line 220, in run_and_report
    return func()
  File "/ceph_data/clue9986/anaconda3/envs/hisplat/lib/python3.10/site-packages/hydra/_internal/utils.py", line 458, in <lambda>
    lambda: hydra.run(
  File "/ceph_data/clue9986/anaconda3/envs/hisplat/lib/python3.10/site-packages/hydra/_internal/hydra.py", line 132, in run
    _ = ret.return_value
  File "/ceph_data/clue9986/anaconda3/envs/hisplat/lib/python3.10/site-packages/hydra/core/utils.py", line 260, in return_value
    raise self._return_value
  File "/ceph_data/clue9986/anaconda3/envs/hisplat/lib/python3.10/site-packages/hydra/core/utils.py", line 186, in run_job
    ret.return_value = task_function(task_cfg)
  File "/ceph_data/clue9986/HiSplatMSH/src/main.py", line 173, in train
    trainer.fit(model_wrapper, datamodule=data_module, ckpt_path=fit_ckpt_path)
  File "/ceph_data/clue9986/anaconda3/envs/hisplat/lib/python3.10/site-packages/pytorch_lightning/trainer/trainer.py", line 543, in fit
    call._call_and_handle_interrupt(
  File "/ceph_data/clue9986/anaconda3/envs/hisplat/lib/python3.10/site-packages/pytorch_lightning/trainer/call.py", line 43, in _call_and_handle_interrupt
    return trainer.strategy.launcher.launch(trainer_fn, *args, trainer=trainer, **kwargs)
  File "/ceph_data/clue9986/anaconda3/envs/hisplat/lib/python3.10/site-packages/pytorch_lightning/strategies/launchers/subprocess_script.py", line 105, in launch
    return function(*args, **kwargs)
  File "/ceph_data/clue9986/anaconda3/envs/hisplat/lib/python3.10/site-packages/pytorch_lightning/trainer/trainer.py", line 579, in _fit_impl
    self._run(model, ckpt_path=ckpt_path)
  File "/ceph_data/clue9986/anaconda3/envs/hisplat/lib/python3.10/site-packages/pytorch_lightning/trainer/trainer.py", line 986, in _run
    results = self._run_stage()
  File "/ceph_data/clue9986/anaconda3/envs/hisplat/lib/python3.10/site-packages/pytorch_lightning/trainer/trainer.py", line 1030, in _run_stage
    self.fit_loop.run()
  File "/ceph_data/clue9986/anaconda3/envs/hisplat/lib/python3.10/site-packages/pytorch_lightning/loops/fit_loop.py", line 197, in run
    self.setup_data()
  File "/ceph_data/clue9986/anaconda3/envs/hisplat/lib/python3.10/site-packages/pytorch_lightning/loops/fit_loop.py", line 277, in setup_data
    raise ValueError(
ValueError:  `val_check_interval` (100000) must be less than or equal to the number of the training batches (33017). If you want to disable validation set `limit_val_batches` to 0.0 instead. If you want to validate based on the total training batches, set `check_val_every_n_epoch=None`.
Traceback (most recent call last):
  File "/ceph_data/clue9986/anaconda3/envs/hisplat/lib/python3.10/runpy.py", line 196, in _run_module_as_main
    return _run_code(code, main_globals, None,
  File "/ceph_data/clue9986/anaconda3/envs/hisplat/lib/python3.10/runpy.py", line 86, in _run_code
    exec(code, run_globals)
  File "/ceph_data/clue9986/HiSplatMSH/src/main.py", line 188, in <module>
    train()
  File "/ceph_data/clue9986/anaconda3/envs/hisplat/lib/python3.10/site-packages/hydra/main.py", line 94, in decorated_main
    _run_hydra(
  File "/ceph_data/clue9986/anaconda3/envs/hisplat/lib/python3.10/site-packages/hydra/_internal/utils.py", line 394, in _run_hydra
    _run_app(
  File "/ceph_data/clue9986/anaconda3/envs/hisplat/lib/python3.10/site-packages/hydra/_internal/utils.py", line 457, in _run_app
    run_and_report(
  File "/ceph_data/clue9986/anaconda3/envs/hisplat/lib/python3.10/site-packages/hydra/_internal/utils.py", line 223, in run_and_report
    raise ex
  File "/ceph_data/clue9986/anaconda3/envs/hisplat/lib/python3.10/site-packages/hydra/_internal/utils.py", line 220, in run_and_report
    return func()
  File "/ceph_data/clue9986/anaconda3/envs/hisplat/lib/python3.10/site-packages/hydra/_internal/utils.py", line 458, in <lambda>
    lambda: hydra.run(
  File "/ceph_data/clue9986/anaconda3/envs/hisplat/lib/python3.10/site-packages/hydra/_internal/hydra.py", line 132, in run
    _ = ret.return_value
  File "/ceph_data/clue9986/anaconda3/envs/hisplat/lib/python3.10/site-packages/hydra/core/utils.py", line 260, in return_value
    raise self._return_value
  File "/ceph_data/clue9986/anaconda3/envs/hisplat/lib/python3.10/site-packages/hydra/core/utils.py", line 186, in run_job
    ret.return_value = task_function(task_cfg)
  File "/ceph_data/clue9986/HiSplatMSH/src/main.py", line 173, in train
    trainer.fit(model_wrapper, datamodule=data_module, ckpt_path=fit_ckpt_path)
  File "/ceph_data/clue9986/anaconda3/envs/hisplat/lib/python3.10/site-packages/pytorch_lightning/trainer/trainer.py", line 543, in fit
    call._call_and_handle_interrupt(
  File "/ceph_data/clue9986/anaconda3/envs/hisplat/lib/python3.10/site-packages/pytorch_lightning/trainer/call.py", line 43, in _call_and_handle_interrupt
    return trainer.strategy.launcher.launch(trainer_fn, *args, trainer=trainer, **kwargs)
  File "/ceph_data/clue9986/anaconda3/envs/hisplat/lib/python3.10/site-packages/pytorch_lightning/strategies/launchers/subprocess_script.py", line 105, in launch
    return function(*args, **kwargs)
  File "/ceph_data/clue9986/anaconda3/envs/hisplat/lib/python3.10/site-packages/pytorch_lightning/trainer/trainer.py", line 579, in _fit_impl
    self._run(model, ckpt_path=ckpt_path)
  File "/ceph_data/clue9986/anaconda3/envs/hisplat/lib/python3.10/site-packages/pytorch_lightning/trainer/trainer.py", line 986, in _run
    results = self._run_stage()
  File "/ceph_data/clue9986/anaconda3/envs/hisplat/lib/python3.10/site-packages/pytorch_lightning/trainer/trainer.py", line 1030, in _run_stage
    self.fit_loop.run()
  File "/ceph_data/clue9986/anaconda3/envs/hisplat/lib/python3.10/site-packages/pytorch_lightning/loops/fit_loop.py", line 197, in run
    self.setup_data()
  File "/ceph_data/clue9986/anaconda3/envs/hisplat/lib/python3.10/site-packages/pytorch_lightning/loops/fit_loop.py", line 277, in setup_data
    raise ValueError(
ValueError:  `val_check_interval` (100000) must be less than or equal to the number of the training batches (33017). If you want to disable validation set `limit_val_batches` to 0.0 instead. If you want to validate based on the total training batches, set `check_val_every_n_epoch=None`.
wandb: You can sync this run to the cloud by running:
wandb: wandb sync /ceph_data/clue9986/HiSplatMSH/outputs/rescue3_M512_d244_reconlong30k/wandb/offline-run-20260518_131315-ms8hh5sz
wandb: Find logs at: ./outputs/rescue3_M512_d244_reconlong30k/wandb/offline-run-20260518_131315-ms8hh5sz/logs
