/ceph_data/clue9986/anaconda3/envs/hisplat/lib/python3.10/site-packages/lightning_fabric/__init__.py:41: pkg_resources is deprecated as an API. See https://setuptools.pypa.io/en/latest/pkg_resources.html. The pkg_resources package is slated for removal as early as 2025-11-30. Refrain from using this package or pin to Setuptools<81.
xFormers not available
FLASH ATTENTION2 not available
xFormers not available
GPU available: True (cuda), used: True
TPU available: False, using: 0 TPU cores
HPU available: False, using: 0 HPUs
Initializing distributed: GLOBAL_RANK: 0, MEMBER: 1/1
----------------------------------------------------------------------------------------------------
distributed_backend=nccl
All distributed processes registered. Starting with 1 processes
----------------------------------------------------------------------------------------------------

wandb: WARNING `resume` will be ignored since W&B syncing is set to `offline`. Starting a new run with run id x5hcrsln.
wandb: Tracking run with wandb version 0.17.1
wandb: W&B syncing is set to `offline` in this directory.  
wandb: Run `wandb online` or set WANDB_MODE=online to enable cloud syncing.
LOCAL_RANK: 0 - CUDA_VISIBLE_DEVICES: [0]

  | Name      | Type                     | Params | Mode 
---------------------------------------------------------------
0 | encoder   | EncoderCostVolumePyramid | 204 M  | train
1 | decoder   | DecoderSplattingCUDA     | 0      | train
2 | losses    | ModuleList               | 0      | train
3 | rate_loss | RateLoss                 | 0      | train
---------------------------------------------------------------
118 M     Trainable params
86.6 M    Non-trainable params
204 M     Total params
819.241   Total estimated model params size (MB)
[W reducer.cpp:1346] Warning: find_unused_parameters=True was specified in DDP constructor, but did not find any unused parameters in the forward pass. This flag results in an extra traversal of the autograd graph every iteration,  which can adversely affect performance. If your model indeed never has any unused parameters in the forward pass, consider turning this flag off. Note that this warning may be a false positive if your model has flow control causing later iterations to have unused parameters. (function operator())
`Trainer.fit` stopped: `max_steps=2000` reached.
wandb: 
wandb: Run history:
wandb:                           epoch ▁▁▁▁▁▁▁▁▁▁▁▁▁▁▁▁▁▁▁▁▁▁▁▁▁▁▁▁▁▁▁▁▁▁▁▁▁▁▁▁
wandb:                        info/far ▁▁▁▁▁▁▁▁▁▁▁▁▁▁▁▁▁▁▁▁▁▁▁▁▁▁▁▁▁▁▁▁▁▁▁▁▁▁▁▁
wandb:                info/global_step ▁▁▁▂▂▂▂▂▂▃▃▃▃▃▄▄▄▄▄▄▅▅▅▅▅▅▆▆▆▆▆▇▇▇▇▇▇███
wandb:                       info/near ▁▁▁▁▁▁▁▁▁▁▁▁▁▁▁▁▁▁▁▁▁▁▁▁▁▁▁▁▁▁▁▁▁▁▁▁▁▁▁▁
wandb:                 loss/bpp_stage0 ██▇▇▆▆▅▇▆█▅▅▆▅▇▅▆▆▅▇▅▅▃▄▄▅▆▆▁▃▃▃▁▄▄▁▂▃▁▁
wandb:                 loss/bpp_stage1 ███▇▆▆▆▇▆█▅▅▇▄▆▅▆▅▅▆▄▅▄▄▄▄▅▅▂▃▃▃▂▄▃▁▂▃▂▃
wandb:                 loss/bpp_stage2 ██▇▇▅▅▅▆▆▇▄▄▆▄▅▄▆▅▄▅▄▄▃▃▄▃▅▅▂▃▃▃▁▄▃▁▂▃▁▁
wandb:                  loss/bpp_total ██▇▇▆▆▅▇▆█▅▅▆▅▇▅▆▆▅▇▅▅▃▄▄▅▆▆▂▃▃▃▁▄▄▁▂▃▁▁
wandb:         loss/codec_recon_stage0 ▁▁▂▂▃▄▅▄▄▄▅▅▅▆▆▆▆▆▆▆▆▆▆▆▆▇▆▇▇▇▇▇▇▇▇▇▇▇█▇
wandb:         loss/codec_recon_stage1 ▁▁▂▃▄▃▄▅▄▆▄▅▅▅▆▇▇▇▇▇▆▆▇▆▇▇▇▇▆▆█▇▆▇▇▇▆█▆▇
wandb:         loss/codec_recon_stage2 ▁▁▂▃▃▃▃▅▅▆▄▅▅▅▅▆▇▆▆▇▇▇▆▇▆▇▆▇▆▆▆█▆▆▇███▇▇
wandb:                    loss/lpips_0 ▁▂▁▂▁▁▃▂▃▃▁▁▃▂▁▁▂▂▁▄▃▃▂▁▂▂▂▃▂▃▃▁▁▃▃▄█▅▂▁
wandb:                    loss/lpips_1 ▁▂▁▂▂▁▃▂▂▃▁▁▃▂▂▂▂▂▁▃▃▃▂▂▂▂▂▃▂▃▃▁▂▄▄▄█▅▂▂
wandb:                    loss/lpips_2 ▁▂▁▂▁▂▃▂▃▃▂▁▂▂▁▂▂▂▁▂▃▃▂▂▂▂▂▂▂▃▂▁▂▄▄▄█▅▂▂
wandb:                      loss/mse_0 ▁▂▂▂▁▁▃▃▁▃▂▁▂▁▁▁▂▂▂▂▂▂▁▁▂▁▂▂▁▂▂▁▂█▁▂█▆▁▁
wandb:                      loss/mse_1 ▁▂▂▂▁▁▃▃▁▃▂▁▂▁▁▁▂▂▂▂▂▂▁▁▂▁▂▂▁▂▂▁▂█▁▂█▆▁▁
wandb:                      loss/mse_2 ▁▂▂▂▁▁▃▃▁▂▂▁▂▁▁▁▂▂▂▁▂▂▁▁▁▁▁▂▁▂▁▁▂█▁▂█▆▂▁
wandb:                      loss/total ▁▂▂▂▁▁▃▂▂▃▂▁▂▂▁▁▂▂▁▂▂▂▁▁▂▁▂▂▂▃▂▁▂▆▂▃█▅▂▁
wandb:                     lr-Adam/pg1 ▁▁▁▁▁▁▁▁▁▁▁▁▁▁▁▁▁▁▁▁▁▁▁▁▁▁▁▁▁▁▁▁▁▁▁▁▁▁▁▁
wandb:            lr-Adam/pg1-momentum ▁▁▁▁▁▁▁▁▁▁▁▁▁▁▁▁▁▁▁▁▁▁▁▁▁▁▁▁▁▁▁▁▁▁▁▁▁▁▁▁
wandb:                     lr-Adam/pg2 ▁▃▆█████████████████████████████████████
wandb:            lr-Adam/pg2-momentum ▁▁▁▁▁▁▁▁▁▁▁▁▁▁▁▁▁▁▁▁▁▁▁▁▁▁▁▁▁▁▁▁▁▁▁▁▁▁▁▁
wandb: train/psnr_probabilistic_stage0 ▆▅▄▃▆▇▄▃▆▂▆█▃█▅▇▄▆▅▄▃▄▇▇▄▆▄▄▆▄▆█▆▂▇▆▁▁▆▆
wandb: train/psnr_probabilistic_stage1 ▅▅▄▃▆▇▄▃▆▂▆█▃▇▅▇▄▅▅▅▃▄▇▇▄▆▄▄▆▄▆▇▆▂▆▅▁▁▆▆
wandb: train/psnr_probabilistic_stage2 ▅▅▄▃▆▆▄▃▆▂▅█▄▆▅▇▄▅▅▅▃▄▇▇▅▆▅▄▅▄▆▇▆▁▆▅▁▂▅▆
wandb:             trainer/global_step ▁▁▂▂▂▂▂▃▃▃▃▃▄▄▄▄▄▄▄▄▅▅▅▅▅▆▆▆▆▆▆▇▇▇▇▇████
wandb:                   val/lpips_val ▄█▅▅▁▇▁▂
wandb:                 val/lpips_val_0 █▆▅▄▂█▂▁
wandb:                 val/lpips_val_1 ▆█▅▅▁█▁▁
wandb:                 val/lpips_val_2 ▄█▅▅▁▇▁▂
wandb:                    val/psnr_val ▄▁▂▄█▄▆▇
wandb:                  val/psnr_val_0 ▂▃▃▃█▁█▇
wandb:                  val/psnr_val_1 ▂▁▂▄█▂▆▇
wandb:                  val/psnr_val_2 ▄▁▂▄█▄▆▇
wandb:                    val/ssim_val ▅▁▄▄█▃▇▇
wandb:                  val/ssim_val_0 ▁▃▃▅█▂██
wandb:                  val/ssim_val_1 ▃▁▃▅█▃▇▇
wandb:                  val/ssim_val_2 ▅▁▄▄█▃▇▇
wandb: 
wandb: Run summary:
wandb:                           epoch 0
wandb:                        info/far 100.0
wandb:                info/global_step 1999.0
wandb:                       info/near 1.0
wandb:                 loss/bpp_stage0 5.05807
wandb:                 loss/bpp_stage1 0.26177
wandb:                 loss/bpp_stage2 0.22675
wandb:                  loss/bpp_total 5.54659
wandb:         loss/codec_recon_stage0 0.2318
wandb:         loss/codec_recon_stage1 0.80976
wandb:         loss/codec_recon_stage2 1.12451
wandb:                    loss/lpips_0 0.00418
wandb:                    loss/lpips_1 0.00343
wandb:                    loss/lpips_2 0.00276
wandb:                      loss/mse_0 0.00104
wandb:                      loss/mse_1 0.00083
wandb:                      loss/mse_2 0.0006
wandb:                      loss/total 0.01285
wandb:                     lr-Adam/pg1 0.0
wandb:            lr-Adam/pg1-momentum 0.9
wandb:                     lr-Adam/pg2 0.0001
wandb:            lr-Adam/pg2-momentum 0.9
wandb: train/psnr_probabilistic_stage0 29.95627
wandb: train/psnr_probabilistic_stage1 30.87733
wandb: train/psnr_probabilistic_stage2 32.36101
wandb:             trainer/global_step 1999
wandb:                   val/lpips_val 0.12075
wandb:                 val/lpips_val_0 0.14707
wandb:                 val/lpips_val_1 0.13144
wandb:                 val/lpips_val_2 0.12075
wandb:                    val/psnr_val 26.7722
wandb:                  val/psnr_val_0 25.65143
wandb:                  val/psnr_val_1 26.28378
wandb:                  val/psnr_val_2 26.7722
wandb:                    val/ssim_val 0.88227
wandb:                  val/ssim_val_0 0.85885
wandb:                  val/ssim_val_1 0.87213
wandb:                  val/ssim_val_2 0.88227
wandb: 
wandb: You can sync this run to the cloud by running:
wandb: wandb sync /ceph_data/clue9986/HiSplatMSH/outputs/msh_proj_full_highrate_imgonly_codeconly_ft_2k_v250/wandb/offline-run-20260516_183111-x5hcrsln
wandb: Find logs at: ./outputs/msh_proj_full_highrate_imgonly_codeconly_ft_2k_v250/wandb/offline-run-20260516_183111-x5hcrsln/logs
