============================================
HiSplat + per-stage MSH training
Repo: /ceph_data/clue9986/HiSplatMSH
Phase: warmup
Lambda RD: 0.0
Pretrained ckpt: checkpoints/hisplat_re10k.ckpt
Max steps: 7500
Batch size/GPU: 2
Val interval/check epoch: 2500 / 1
Checkpoint interval/top-k: 2500 / -1
SH degree: 4
Codec stage N: [192,192,192]
Codec stage M: [320,320,320]
Codec stage depth: [2,4,4]
Codec train mode: full
Codec input: proj
LR codec/aux/generator: 1.0e-4 / 1.0e-5 / 2.0e-5
Codec LR warmup: 200 steps from factor 0.1
Codec recon weight: 1.0
Codec warmup bypass: true
Output: phase1_warmup_d244_recon1_7p5k
W&B mode: disabled
Extra Hydra args: wandb.mode=disabled
============================================
